Archive member included to satisfy reference by file (symbol)

c:/program files (x86)/atmel/studio/7.0/toolchain/avr8/avr8-gnu-toolchain/bin/../lib/gcc/avr/5.4.0/../../../../avr/lib/avr6\libprintf_flt.a(vfprintf_flt.o)
                              (vfprintf)
c:/program files (x86)/atmel/studio/7.0/toolchain/avr8/avr8-gnu-toolchain/bin/../lib/gcc/avr/5.4.0/avr6\libgcc.a(_exit.o)
                              C:/Program Files (x86)/Atmel/Studio/7.0/Packs/atmel/ATmega_DFP/1.2.132/gcc/dev/atmega256rfr2/avr6/crtatmega256rfr2.o (exit)
c:/program files (x86)/atmel/studio/7.0/toolchain/avr8/avr8-gnu-toolchain/bin/../lib/gcc/avr/5.4.0/avr6\libgcc.a(_copy_data.o)
                              template.o (__do_copy_data)
c:/program files (x86)/atmel/studio/7.0/toolchain/avr8/avr8-gnu-toolchain/bin/../lib/gcc/avr/5.4.0/avr6\libgcc.a(_clear_bss.o)
                              stack/phy/atmegarfr2/src/phy.o (__do_clear_bss)
c:/program files (x86)/atmel/studio/7.0/toolchain/avr8/avr8-gnu-toolchain/bin/../lib/gcc/avr/5.4.0/../../../../avr/lib/avr6\libm.a(addsf3.o)
                              template.o (__addsf3)
c:/program files (x86)/atmel/studio/7.0/toolchain/avr8/avr8-gnu-toolchain/bin/../lib/gcc/avr/5.4.0/../../../../avr/lib/avr6\libm.a(addsf3x.o)
                              c:/program files (x86)/atmel/studio/7.0/toolchain/avr8/avr8-gnu-toolchain/bin/../lib/gcc/avr/5.4.0/../../../../avr/lib/avr6\libm.a(addsf3.o) (__addsf3x)
c:/program files (x86)/atmel/studio/7.0/toolchain/avr8/avr8-gnu-toolchain/bin/../lib/gcc/avr/5.4.0/../../../../avr/lib/avr6\libm.a(cmpsf2.o)
                              template.o (__eqsf2)
c:/program files (x86)/atmel/studio/7.0/toolchain/avr8/avr8-gnu-toolchain/bin/../lib/gcc/avr/5.4.0/../../../../avr/lib/avr6\libm.a(divsf3.o)
                              template.o (__divsf3)
c:/program files (x86)/atmel/studio/7.0/toolchain/avr8/avr8-gnu-toolchain/bin/../lib/gcc/avr/5.4.0/../../../../avr/lib/avr6\libm.a(divsf3x.o)
                              c:/program files (x86)/atmel/studio/7.0/toolchain/avr8/avr8-gnu-toolchain/bin/../lib/gcc/avr/5.4.0/../../../../avr/lib/avr6\libm.a(divsf3.o) (__divsf3x)
c:/program files (x86)/atmel/studio/7.0/toolchain/avr8/avr8-gnu-toolchain/bin/../lib/gcc/avr/5.4.0/../../../../avr/lib/avr6\libm.a(floatsisf.o)
                              template.o (__floatsisf)
c:/program files (x86)/atmel/studio/7.0/toolchain/avr8/avr8-gnu-toolchain/bin/../lib/gcc/avr/5.4.0/../../../../avr/lib/avr6\libm.a(fp_cmp.o)
                              c:/program files (x86)/atmel/studio/7.0/toolchain/avr8/avr8-gnu-toolchain/bin/../lib/gcc/avr/5.4.0/../../../../avr/lib/avr6\libm.a(cmpsf2.o) (__fp_cmp)
c:/program files (x86)/atmel/studio/7.0/toolchain/avr8/avr8-gnu-toolchain/bin/../lib/gcc/avr/5.4.0/../../../../avr/lib/avr6\libm.a(fp_inf.o)
                              c:/program files (x86)/atmel/studio/7.0/toolchain/avr8/avr8-gnu-toolchain/bin/../lib/gcc/avr/5.4.0/../../../../avr/lib/avr6\libm.a(addsf3x.o) (__fp_inf)
c:/program files (x86)/atmel/studio/7.0/toolchain/avr8/avr8-gnu-toolchain/bin/../lib/gcc/avr/5.4.0/../../../../avr/lib/avr6\libm.a(fp_nan.o)
                              c:/program files (x86)/atmel/studio/7.0/toolchain/avr8/avr8-gnu-toolchain/bin/../lib/gcc/avr/5.4.0/../../../../avr/lib/avr6\libm.a(addsf3x.o) (__fp_nan)
c:/program files (x86)/atmel/studio/7.0/toolchain/avr8/avr8-gnu-toolchain/bin/../lib/gcc/avr/5.4.0/../../../../avr/lib/avr6\libm.a(fp_pscA.o)
                              c:/program files (x86)/atmel/studio/7.0/toolchain/avr8/avr8-gnu-toolchain/bin/../lib/gcc/avr/5.4.0/../../../../avr/lib/avr6\libm.a(addsf3x.o) (__fp_pscA)
c:/program files (x86)/atmel/studio/7.0/toolchain/avr8/avr8-gnu-toolchain/bin/../lib/gcc/avr/5.4.0/../../../../avr/lib/avr6\libm.a(fp_pscB.o)
                              c:/program files (x86)/atmel/studio/7.0/toolchain/avr8/avr8-gnu-toolchain/bin/../lib/gcc/avr/5.4.0/../../../../avr/lib/avr6\libm.a(addsf3x.o) (__fp_pscB)
c:/program files (x86)/atmel/studio/7.0/toolchain/avr8/avr8-gnu-toolchain/bin/../lib/gcc/avr/5.4.0/../../../../avr/lib/avr6\libm.a(fp_round.o)
                              c:/program files (x86)/atmel/studio/7.0/toolchain/avr8/avr8-gnu-toolchain/bin/../lib/gcc/avr/5.4.0/../../../../avr/lib/avr6\libm.a(addsf3.o) (__fp_round)
c:/program files (x86)/atmel/studio/7.0/toolchain/avr8/avr8-gnu-toolchain/bin/../lib/gcc/avr/5.4.0/../../../../avr/lib/avr6\libm.a(fp_split3.o)
                              c:/program files (x86)/atmel/studio/7.0/toolchain/avr8/avr8-gnu-toolchain/bin/../lib/gcc/avr/5.4.0/../../../../avr/lib/avr6\libm.a(addsf3x.o) (__fp_split3)
c:/program files (x86)/atmel/studio/7.0/toolchain/avr8/avr8-gnu-toolchain/bin/../lib/gcc/avr/5.4.0/../../../../avr/lib/avr6\libm.a(fp_zero.o)
                              c:/program files (x86)/atmel/studio/7.0/toolchain/avr8/avr8-gnu-toolchain/bin/../lib/gcc/avr/5.4.0/../../../../avr/lib/avr6\libm.a(addsf3x.o) (__fp_zero)
c:/program files (x86)/atmel/studio/7.0/toolchain/avr8/avr8-gnu-toolchain/bin/../lib/gcc/avr/5.4.0/../../../../avr/lib/avr6\libm.a(gesf2.o)
                              template.o (__gtsf2)
c:/program files (x86)/atmel/studio/7.0/toolchain/avr8/avr8-gnu-toolchain/bin/../lib/gcc/avr/5.4.0/../../../../avr/lib/avr6\libm.a(mulsf3.o)
                              template.o (__mulsf3)
c:/program files (x86)/atmel/studio/7.0/toolchain/avr8/avr8-gnu-toolchain/bin/../lib/gcc/avr/5.4.0/../../../../avr/lib/avr6\libm.a(mulsf3x.o)
                              c:/program files (x86)/atmel/studio/7.0/toolchain/avr8/avr8-gnu-toolchain/bin/../lib/gcc/avr/5.4.0/../../../../avr/lib/avr6\libm.a(mulsf3.o) (__mulsf3x)
c:/program files (x86)/atmel/studio/7.0/toolchain/avr8/avr8-gnu-toolchain/bin/../lib/gcc/avr/5.4.0/../../../../avr/lib/avr6\libc.a(ftoa_engine.o)
                              c:/program files (x86)/atmel/studio/7.0/toolchain/avr8/avr8-gnu-toolchain/bin/../lib/gcc/avr/5.4.0/../../../../avr/lib/avr6\libprintf_flt.a(vfprintf_flt.o) (__ftoa_engine)
c:/program files (x86)/atmel/studio/7.0/toolchain/avr8/avr8-gnu-toolchain/bin/../lib/gcc/avr/5.4.0/../../../../avr/lib/avr6\libc.a(strnlen_P.o)
                              c:/program files (x86)/atmel/studio/7.0/toolchain/avr8/avr8-gnu-toolchain/bin/../lib/gcc/avr/5.4.0/../../../../avr/lib/avr6\libprintf_flt.a(vfprintf_flt.o) (strnlen_P)
c:/program files (x86)/atmel/studio/7.0/toolchain/avr8/avr8-gnu-toolchain/bin/../lib/gcc/avr/5.4.0/../../../../avr/lib/avr6\libc.a(strnlen.o)
                              c:/program files (x86)/atmel/studio/7.0/toolchain/avr8/avr8-gnu-toolchain/bin/../lib/gcc/avr/5.4.0/../../../../avr/lib/avr6\libprintf_flt.a(vfprintf_flt.o) (strnlen)
c:/program files (x86)/atmel/studio/7.0/toolchain/avr8/avr8-gnu-toolchain/bin/../lib/gcc/avr/5.4.0/../../../../avr/lib/avr6\libc.a(fputc.o)
                              c:/program files (x86)/atmel/studio/7.0/toolchain/avr8/avr8-gnu-toolchain/bin/../lib/gcc/avr/5.4.0/../../../../avr/lib/avr6\libprintf_flt.a(vfprintf_flt.o) (fputc)
c:/program files (x86)/atmel/studio/7.0/toolchain/avr8/avr8-gnu-toolchain/bin/../lib/gcc/avr/5.4.0/../../../../avr/lib/avr6\libc.a(vsprintf.o)
                              template.o (vsprintf)
c:/program files (x86)/atmel/studio/7.0/toolchain/avr8/avr8-gnu-toolchain/bin/../lib/gcc/avr/5.4.0/../../../../avr/lib/avr6\libc.a(ultoa_invert.o)
                              c:/program files (x86)/atmel/studio/7.0/toolchain/avr8/avr8-gnu-toolchain/bin/../lib/gcc/avr/5.4.0/../../../../avr/lib/avr6\libprintf_flt.a(vfprintf_flt.o) (__ultoa_invert)

Allocating common symbols
Common symbol       size              file

ind                 0x5               template.o
messageWireless     0x80              template.o
receivedWireless    0x1               template.o

Discarded input sections

 .data          0x00000000        0x0 C:/Program Files (x86)/Atmel/Studio/7.0/Packs/atmel/ATmega_DFP/1.2.132/gcc/dev/atmega256rfr2/avr6/crtatmega256rfr2.o
 .bss           0x00000000        0x0 C:/Program Files (x86)/Atmel/Studio/7.0/Packs/atmel/ATmega_DFP/1.2.132/gcc/dev/atmega256rfr2/avr6/crtatmega256rfr2.o
 .group         0x00000000        0x8 stack/phy/atmegarfr2/src/phy.o
 .group         0x00000000        0x8 stack/phy/atmegarfr2/src/phy.o
 .group         0x00000000        0x8 stack/phy/atmegarfr2/src/phy.o
 .group         0x00000000        0x8 stack/phy/atmegarfr2/src/phy.o
 .group         0x00000000        0x8 stack/phy/atmegarfr2/src/phy.o
 .group         0x00000000        0x8 stack/phy/atmegarfr2/src/phy.o
 .group         0x00000000        0x8 stack/phy/atmegarfr2/src/phy.o
 .group         0x00000000        0x8 stack/phy/atmegarfr2/src/phy.o
 .group         0x00000000        0x8 stack/phy/atmegarfr2/src/phy.o
 .group         0x00000000        0x8 stack/phy/atmegarfr2/src/phy.o
 .group         0x00000000        0x8 stack/phy/atmegarfr2/src/phy.o
 .group         0x00000000        0x8 stack/phy/atmegarfr2/src/phy.o
 .group         0x00000000        0x8 stack/phy/atmegarfr2/src/phy.o
 .group         0x00000000        0x8 stack/phy/atmegarfr2/src/phy.o
 .group         0x00000000        0x8 stack/phy/atmegarfr2/src/phy.o
 .group         0x00000000        0x8 stack/phy/atmegarfr2/src/phy.o
 .group         0x00000000        0x8 stack/phy/atmegarfr2/src/phy.o
 .group         0x00000000        0x8 stack/phy/atmegarfr2/src/phy.o
 .group         0x00000000        0x8 stack/phy/atmegarfr2/src/phy.o
 .group         0x00000000        0x8 stack/phy/atmegarfr2/src/phy.o
 .text          0x00000000        0x0 stack/phy/atmegarfr2/src/phy.o
 .data          0x00000000        0x0 stack/phy/atmegarfr2/src/phy.o
 .bss           0x00000000        0x0 stack/phy/atmegarfr2/src/phy.o
 .text.phySetChannel
                0x00000000       0x36 stack/phy/atmegarfr2/src/phy.o
 .text.PHY_Init
                0x00000000       0x4e stack/phy/atmegarfr2/src/phy.o
 .text.PHY_SetRxState
                0x00000000       0x20 stack/phy/atmegarfr2/src/phy.o
 .text.PHY_SetChannel
                0x00000000        0x8 stack/phy/atmegarfr2/src/phy.o
 .text.PHY_SetBand
                0x00000000        0x8 stack/phy/atmegarfr2/src/phy.o
 .text.PHY_SetTxPower
                0x00000000       0x10 stack/phy/atmegarfr2/src/phy.o
 .text.Ecris_Wireless
                0x00000000       0x48 stack/phy/atmegarfr2/src/phy.o
 .bss.phyBand   0x00000000        0x1 stack/phy/atmegarfr2/src/phy.o
 .bss.phyChannel
                0x00000000        0x1 stack/phy/atmegarfr2/src/phy.o
 .bss.phyRxState
                0x00000000        0x1 stack/phy/atmegarfr2/src/phy.o
 .group         0x00000000        0x8 template.o
 .group         0x00000000        0x8 template.o
 .group         0x00000000        0x8 template.o
 .group         0x00000000        0x8 template.o
 .group         0x00000000        0x8 template.o
 .group         0x00000000        0x8 template.o
 .group         0x00000000        0x8 template.o
 .group         0x00000000        0x8 template.o
 .group         0x00000000        0x8 template.o
 .group         0x00000000        0x8 template.o
 .group         0x00000000        0x8 template.o
 .group         0x00000000        0x8 template.o
 .group         0x00000000        0x8 template.o
 .group         0x00000000        0x8 template.o
 .group         0x00000000        0x8 template.o
 .group         0x00000000        0x8 template.o
 .group         0x00000000        0x8 template.o
 .group         0x00000000        0x8 template.o
 .group         0x00000000        0x8 template.o
 .group         0x00000000        0x8 template.o
 .group         0x00000000        0x8 template.o
 .group         0x00000000        0x8 template.o
 .group         0x00000000        0x8 template.o
 .group         0x00000000        0x8 template.o
 .group         0x00000000        0x8 template.o
 .group         0x00000000        0x8 template.o
 .group         0x00000000        0x8 template.o
 .group         0x00000000        0x8 template.o
 .group         0x00000000        0x8 template.o
 .group         0x00000000        0x8 template.o
 .group         0x00000000        0x8 template.o
 .group         0x00000000        0x8 template.o
 .group         0x00000000        0x8 template.o
 .text          0x00000000        0x0 template.o
 .data          0x00000000        0x0 template.o
 .bss           0x00000000        0x0 template.o
 .text.recoieMessage
                0x00000000        0x4 template.o
 .text.envoieMessage
                0x00000000        0x2 template.o
 .text.set_couleur
                0x00000000       0x98 template.o
 .text.Lis_UART
                0x00000000       0x12 template.o
 .bss.NbAlertesEnvoyee
                0x00000000        0x1 template.o
 .bss.mesureStanby
                0x00000000        0x1 template.o
 .data.intervalPoll
                0x00000000        0x2 template.o
 .bss.flagAttenteAck1
                0x00000000        0x1 template.o
 .bss.flagEmissionFinie
                0x00000000        0x1 template.o
 .bss.flagAttenteEmission
                0x00000000        0x1 template.o
 .bss.flagAttenteAlerte
                0x00000000        0x1 template.o
 .bss.flagCancelAlerte
                0x00000000        0x1 template.o
 .data.intervalAttenteEmission
                0x00000000        0x1 template.o
 .data.intervalAttenteAlerte
                0x00000000        0x1 template.o
 .bss.compteurPoll
                0x00000000        0x2 template.o
 .bss.compteurAttenteEmission
                0x00000000        0x2 template.o
 .bss.compteurAttenteConf
                0x00000000        0x2 template.o
 .debug_macro   0x00000000      0xa90 template.o
 .debug_macro   0x00000000       0x40 template.o
 .debug_macro   0x00000000      0x1c9 template.o
 .debug_macro   0x00000000       0x22 template.o
 .debug_macro   0x00000000       0x10 template.o
 .debug_macro   0x00000000      0x302 template.o
 .debug_macro   0x00000000       0x9e template.o
 .debug_macro   0x00000000     0x37d1 template.o
 .debug_macro   0x00000000      0x219 template.o
 .debug_macro   0x00000000       0xd9 template.o
 .debug_macro   0x00000000       0x34 template.o
 .debug_macro   0x00000000       0x18 template.o
 .debug_macro   0x00000000       0x6c template.o
 .debug_macro   0x00000000       0x68 template.o
 .debug_macro   0x00000000       0x69 template.o
 .debug_macro   0x00000000       0x10 template.o
 .debug_macro   0x00000000       0x89 template.o
 .debug_macro   0x00000000      0x181 template.o
 .debug_macro   0x00000000       0x34 template.o
 .text          0x00000000        0x0 c:/program files (x86)/atmel/studio/7.0/toolchain/avr8/avr8-gnu-toolchain/bin/../lib/gcc/avr/5.4.0/../../../../avr/lib/avr6\libprintf_flt.a(vfprintf_flt.o)
 .data          0x00000000        0x0 c:/program files (x86)/atmel/studio/7.0/toolchain/avr8/avr8-gnu-toolchain/bin/../lib/gcc/avr/5.4.0/../../../../avr/lib/avr6\libprintf_flt.a(vfprintf_flt.o)
 .bss           0x00000000        0x0 c:/program files (x86)/atmel/studio/7.0/toolchain/avr8/avr8-gnu-toolchain/bin/../lib/gcc/avr/5.4.0/../../../../avr/lib/avr6\libprintf_flt.a(vfprintf_flt.o)
 .text          0x00000000        0x0 c:/program files (x86)/atmel/studio/7.0/toolchain/avr8/avr8-gnu-toolchain/bin/../lib/gcc/avr/5.4.0/avr6\libgcc.a(_exit.o)
 .data          0x00000000        0x0 c:/program files (x86)/atmel/studio/7.0/toolchain/avr8/avr8-gnu-toolchain/bin/../lib/gcc/avr/5.4.0/avr6\libgcc.a(_exit.o)
 .bss           0x00000000        0x0 c:/program files (x86)/atmel/studio/7.0/toolchain/avr8/avr8-gnu-toolchain/bin/../lib/gcc/avr/5.4.0/avr6\libgcc.a(_exit.o)
 .text.libgcc.mul
                0x00000000        0x0 c:/program files (x86)/atmel/studio/7.0/toolchain/avr8/avr8-gnu-toolchain/bin/../lib/gcc/avr/5.4.0/avr6\libgcc.a(_exit.o)
 .text.libgcc.div
                0x00000000        0x0 c:/program files (x86)/atmel/studio/7.0/toolchain/avr8/avr8-gnu-toolchain/bin/../lib/gcc/avr/5.4.0/avr6\libgcc.a(_exit.o)
 .text.libgcc   0x00000000        0x0 c:/program files (x86)/atmel/studio/7.0/toolchain/avr8/avr8-gnu-toolchain/bin/../lib/gcc/avr/5.4.0/avr6\libgcc.a(_exit.o)
 .text.libgcc.prologue
                0x00000000        0x0 c:/program files (x86)/atmel/studio/7.0/toolchain/avr8/avr8-gnu-toolchain/bin/../lib/gcc/avr/5.4.0/avr6\libgcc.a(_exit.o)
 .text.libgcc.builtins
                0x00000000        0x0 c:/program files (x86)/atmel/studio/7.0/toolchain/avr8/avr8-gnu-toolchain/bin/../lib/gcc/avr/5.4.0/avr6\libgcc.a(_exit.o)
 .text.libgcc.fmul
                0x00000000        0x0 c:/program files (x86)/atmel/studio/7.0/toolchain/avr8/avr8-gnu-toolchain/bin/../lib/gcc/avr/5.4.0/avr6\libgcc.a(_exit.o)
 .text.libgcc.fixed
                0x00000000        0x0 c:/program files (x86)/atmel/studio/7.0/toolchain/avr8/avr8-gnu-toolchain/bin/../lib/gcc/avr/5.4.0/avr6\libgcc.a(_exit.o)
 .text          0x00000000        0x0 c:/program files (x86)/atmel/studio/7.0/toolchain/avr8/avr8-gnu-toolchain/bin/../lib/gcc/avr/5.4.0/avr6\libgcc.a(_copy_data.o)
 .data          0x00000000        0x0 c:/program files (x86)/atmel/studio/7.0/toolchain/avr8/avr8-gnu-toolchain/bin/../lib/gcc/avr/5.4.0/avr6\libgcc.a(_copy_data.o)
 .bss           0x00000000        0x0 c:/program files (x86)/atmel/studio/7.0/toolchain/avr8/avr8-gnu-toolchain/bin/../lib/gcc/avr/5.4.0/avr6\libgcc.a(_copy_data.o)
 .text.libgcc.mul
                0x00000000        0x0 c:/program files (x86)/atmel/studio/7.0/toolchain/avr8/avr8-gnu-toolchain/bin/../lib/gcc/avr/5.4.0/avr6\libgcc.a(_copy_data.o)
 .text.libgcc.div
                0x00000000        0x0 c:/program files (x86)/atmel/studio/7.0/toolchain/avr8/avr8-gnu-toolchain/bin/../lib/gcc/avr/5.4.0/avr6\libgcc.a(_copy_data.o)
 .text.libgcc   0x00000000        0x0 c:/program files (x86)/atmel/studio/7.0/toolchain/avr8/avr8-gnu-toolchain/bin/../lib/gcc/avr/5.4.0/avr6\libgcc.a(_copy_data.o)
 .text.libgcc.prologue
                0x00000000        0x0 c:/program files (x86)/atmel/studio/7.0/toolchain/avr8/avr8-gnu-toolchain/bin/../lib/gcc/avr/5.4.0/avr6\libgcc.a(_copy_data.o)
 .text.libgcc.builtins
                0x00000000        0x0 c:/program files (x86)/atmel/studio/7.0/toolchain/avr8/avr8-gnu-toolchain/bin/../lib/gcc/avr/5.4.0/avr6\libgcc.a(_copy_data.o)
 .text.libgcc.fmul
                0x00000000        0x0 c:/program files (x86)/atmel/studio/7.0/toolchain/avr8/avr8-gnu-toolchain/bin/../lib/gcc/avr/5.4.0/avr6\libgcc.a(_copy_data.o)
 .text.libgcc.fixed
                0x00000000        0x0 c:/program files (x86)/atmel/studio/7.0/toolchain/avr8/avr8-gnu-toolchain/bin/../lib/gcc/avr/5.4.0/avr6\libgcc.a(_copy_data.o)
 .text          0x00000000        0x0 c:/program files (x86)/atmel/studio/7.0/toolchain/avr8/avr8-gnu-toolchain/bin/../lib/gcc/avr/5.4.0/avr6\libgcc.a(_clear_bss.o)
 .data          0x00000000        0x0 c:/program files (x86)/atmel/studio/7.0/toolchain/avr8/avr8-gnu-toolchain/bin/../lib/gcc/avr/5.4.0/avr6\libgcc.a(_clear_bss.o)
 .bss           0x00000000        0x0 c:/program files (x86)/atmel/studio/7.0/toolchain/avr8/avr8-gnu-toolchain/bin/../lib/gcc/avr/5.4.0/avr6\libgcc.a(_clear_bss.o)
 .text.libgcc.mul
                0x00000000        0x0 c:/program files (x86)/atmel/studio/7.0/toolchain/avr8/avr8-gnu-toolchain/bin/../lib/gcc/avr/5.4.0/avr6\libgcc.a(_clear_bss.o)
 .text.libgcc.div
                0x00000000        0x0 c:/program files (x86)/atmel/studio/7.0/toolchain/avr8/avr8-gnu-toolchain/bin/../lib/gcc/avr/5.4.0/avr6\libgcc.a(_clear_bss.o)
 .text.libgcc   0x00000000        0x0 c:/program files (x86)/atmel/studio/7.0/toolchain/avr8/avr8-gnu-toolchain/bin/../lib/gcc/avr/5.4.0/avr6\libgcc.a(_clear_bss.o)
 .text.libgcc.prologue
                0x00000000        0x0 c:/program files (x86)/atmel/studio/7.0/toolchain/avr8/avr8-gnu-toolchain/bin/../lib/gcc/avr/5.4.0/avr6\libgcc.a(_clear_bss.o)
 .text.libgcc.builtins
                0x00000000        0x0 c:/program files (x86)/atmel/studio/7.0/toolchain/avr8/avr8-gnu-toolchain/bin/../lib/gcc/avr/5.4.0/avr6\libgcc.a(_clear_bss.o)
 .text.libgcc.fmul
                0x00000000        0x0 c:/program files (x86)/atmel/studio/7.0/toolchain/avr8/avr8-gnu-toolchain/bin/../lib/gcc/avr/5.4.0/avr6\libgcc.a(_clear_bss.o)
 .text.libgcc.fixed
                0x00000000        0x0 c:/program files (x86)/atmel/studio/7.0/toolchain/avr8/avr8-gnu-toolchain/bin/../lib/gcc/avr/5.4.0/avr6\libgcc.a(_clear_bss.o)
 .text          0x00000000        0x0 c:/program files (x86)/atmel/studio/7.0/toolchain/avr8/avr8-gnu-toolchain/bin/../lib/gcc/avr/5.4.0/../../../../avr/lib/avr6\libm.a(addsf3.o)
 .data          0x00000000        0x0 c:/program files (x86)/atmel/studio/7.0/toolchain/avr8/avr8-gnu-toolchain/bin/../lib/gcc/avr/5.4.0/../../../../avr/lib/avr6\libm.a(addsf3.o)
 .bss           0x00000000        0x0 c:/program files (x86)/atmel/studio/7.0/toolchain/avr8/avr8-gnu-toolchain/bin/../lib/gcc/avr/5.4.0/../../../../avr/lib/avr6\libm.a(addsf3.o)
 .text          0x00000000        0x0 c:/program files (x86)/atmel/studio/7.0/toolchain/avr8/avr8-gnu-toolchain/bin/../lib/gcc/avr/5.4.0/../../../../avr/lib/avr6\libm.a(addsf3x.o)
 .data          0x00000000        0x0 c:/program files (x86)/atmel/studio/7.0/toolchain/avr8/avr8-gnu-toolchain/bin/../lib/gcc/avr/5.4.0/../../../../avr/lib/avr6\libm.a(addsf3x.o)
 .bss           0x00000000        0x0 c:/program files (x86)/atmel/studio/7.0/toolchain/avr8/avr8-gnu-toolchain/bin/../lib/gcc/avr/5.4.0/../../../../avr/lib/avr6\libm.a(addsf3x.o)
 .text          0x00000000        0x0 c:/program files (x86)/atmel/studio/7.0/toolchain/avr8/avr8-gnu-toolchain/bin/../lib/gcc/avr/5.4.0/../../../../avr/lib/avr6\libm.a(cmpsf2.o)
 .data          0x00000000        0x0 c:/program files (x86)/atmel/studio/7.0/toolchain/avr8/avr8-gnu-toolchain/bin/../lib/gcc/avr/5.4.0/../../../../avr/lib/avr6\libm.a(cmpsf2.o)
 .bss           0x00000000        0x0 c:/program files (x86)/atmel/studio/7.0/toolchain/avr8/avr8-gnu-toolchain/bin/../lib/gcc/avr/5.4.0/../../../../avr/lib/avr6\libm.a(cmpsf2.o)
 .text          0x00000000        0x0 c:/program files (x86)/atmel/studio/7.0/toolchain/avr8/avr8-gnu-toolchain/bin/../lib/gcc/avr/5.4.0/../../../../avr/lib/avr6\libm.a(divsf3.o)
 .data          0x00000000        0x0 c:/program files (x86)/atmel/studio/7.0/toolchain/avr8/avr8-gnu-toolchain/bin/../lib/gcc/avr/5.4.0/../../../../avr/lib/avr6\libm.a(divsf3.o)
 .bss           0x00000000        0x0 c:/program files (x86)/atmel/studio/7.0/toolchain/avr8/avr8-gnu-toolchain/bin/../lib/gcc/avr/5.4.0/../../../../avr/lib/avr6\libm.a(divsf3.o)
 .text          0x00000000        0x0 c:/program files (x86)/atmel/studio/7.0/toolchain/avr8/avr8-gnu-toolchain/bin/../lib/gcc/avr/5.4.0/../../../../avr/lib/avr6\libm.a(divsf3x.o)
 .data          0x00000000        0x0 c:/program files (x86)/atmel/studio/7.0/toolchain/avr8/avr8-gnu-toolchain/bin/../lib/gcc/avr/5.4.0/../../../../avr/lib/avr6\libm.a(divsf3x.o)
 .bss           0x00000000        0x0 c:/program files (x86)/atmel/studio/7.0/toolchain/avr8/avr8-gnu-toolchain/bin/../lib/gcc/avr/5.4.0/../../../../avr/lib/avr6\libm.a(divsf3x.o)
 .text          0x00000000        0x0 c:/program files (x86)/atmel/studio/7.0/toolchain/avr8/avr8-gnu-toolchain/bin/../lib/gcc/avr/5.4.0/../../../../avr/lib/avr6\libm.a(floatsisf.o)
 .data          0x00000000        0x0 c:/program files (x86)/atmel/studio/7.0/toolchain/avr8/avr8-gnu-toolchain/bin/../lib/gcc/avr/5.4.0/../../../../avr/lib/avr6\libm.a(floatsisf.o)
 .bss           0x00000000        0x0 c:/program files (x86)/atmel/studio/7.0/toolchain/avr8/avr8-gnu-toolchain/bin/../lib/gcc/avr/5.4.0/../../../../avr/lib/avr6\libm.a(floatsisf.o)
 .text          0x00000000        0x0 c:/program files (x86)/atmel/studio/7.0/toolchain/avr8/avr8-gnu-toolchain/bin/../lib/gcc/avr/5.4.0/../../../../avr/lib/avr6\libm.a(fp_cmp.o)
 .data          0x00000000        0x0 c:/program files (x86)/atmel/studio/7.0/toolchain/avr8/avr8-gnu-toolchain/bin/../lib/gcc/avr/5.4.0/../../../../avr/lib/avr6\libm.a(fp_cmp.o)
 .bss           0x00000000        0x0 c:/program files (x86)/atmel/studio/7.0/toolchain/avr8/avr8-gnu-toolchain/bin/../lib/gcc/avr/5.4.0/../../../../avr/lib/avr6\libm.a(fp_cmp.o)
 .text          0x00000000        0x0 c:/program files (x86)/atmel/studio/7.0/toolchain/avr8/avr8-gnu-toolchain/bin/../lib/gcc/avr/5.4.0/../../../../avr/lib/avr6\libm.a(fp_inf.o)
 .data          0x00000000        0x0 c:/program files (x86)/atmel/studio/7.0/toolchain/avr8/avr8-gnu-toolchain/bin/../lib/gcc/avr/5.4.0/../../../../avr/lib/avr6\libm.a(fp_inf.o)
 .bss           0x00000000        0x0 c:/program files (x86)/atmel/studio/7.0/toolchain/avr8/avr8-gnu-toolchain/bin/../lib/gcc/avr/5.4.0/../../../../avr/lib/avr6\libm.a(fp_inf.o)
 .text          0x00000000        0x0 c:/program files (x86)/atmel/studio/7.0/toolchain/avr8/avr8-gnu-toolchain/bin/../lib/gcc/avr/5.4.0/../../../../avr/lib/avr6\libm.a(fp_nan.o)
 .data          0x00000000        0x0 c:/program files (x86)/atmel/studio/7.0/toolchain/avr8/avr8-gnu-toolchain/bin/../lib/gcc/avr/5.4.0/../../../../avr/lib/avr6\libm.a(fp_nan.o)
 .bss           0x00000000        0x0 c:/program files (x86)/atmel/studio/7.0/toolchain/avr8/avr8-gnu-toolchain/bin/../lib/gcc/avr/5.4.0/../../../../avr/lib/avr6\libm.a(fp_nan.o)
 .text          0x00000000        0x0 c:/program files (x86)/atmel/studio/7.0/toolchain/avr8/avr8-gnu-toolchain/bin/../lib/gcc/avr/5.4.0/../../../../avr/lib/avr6\libm.a(fp_pscA.o)
 .data          0x00000000        0x0 c:/program files (x86)/atmel/studio/7.0/toolchain/avr8/avr8-gnu-toolchain/bin/../lib/gcc/avr/5.4.0/../../../../avr/lib/avr6\libm.a(fp_pscA.o)
 .bss           0x00000000        0x0 c:/program files (x86)/atmel/studio/7.0/toolchain/avr8/avr8-gnu-toolchain/bin/../lib/gcc/avr/5.4.0/../../../../avr/lib/avr6\libm.a(fp_pscA.o)
 .text          0x00000000        0x0 c:/program files (x86)/atmel/studio/7.0/toolchain/avr8/avr8-gnu-toolchain/bin/../lib/gcc/avr/5.4.0/../../../../avr/lib/avr6\libm.a(fp_pscB.o)
 .data          0x00000000        0x0 c:/program files (x86)/atmel/studio/7.0/toolchain/avr8/avr8-gnu-toolchain/bin/../lib/gcc/avr/5.4.0/../../../../avr/lib/avr6\libm.a(fp_pscB.o)
 .bss           0x00000000        0x0 c:/program files (x86)/atmel/studio/7.0/toolchain/avr8/avr8-gnu-toolchain/bin/../lib/gcc/avr/5.4.0/../../../../avr/lib/avr6\libm.a(fp_pscB.o)
 .text          0x00000000        0x0 c:/program files (x86)/atmel/studio/7.0/toolchain/avr8/avr8-gnu-toolchain/bin/../lib/gcc/avr/5.4.0/../../../../avr/lib/avr6\libm.a(fp_round.o)
 .data          0x00000000        0x0 c:/program files (x86)/atmel/studio/7.0/toolchain/avr8/avr8-gnu-toolchain/bin/../lib/gcc/avr/5.4.0/../../../../avr/lib/avr6\libm.a(fp_round.o)
 .bss           0x00000000        0x0 c:/program files (x86)/atmel/studio/7.0/toolchain/avr8/avr8-gnu-toolchain/bin/../lib/gcc/avr/5.4.0/../../../../avr/lib/avr6\libm.a(fp_round.o)
 .text          0x00000000        0x0 c:/program files (x86)/atmel/studio/7.0/toolchain/avr8/avr8-gnu-toolchain/bin/../lib/gcc/avr/5.4.0/../../../../avr/lib/avr6\libm.a(fp_split3.o)
 .data          0x00000000        0x0 c:/program files (x86)/atmel/studio/7.0/toolchain/avr8/avr8-gnu-toolchain/bin/../lib/gcc/avr/5.4.0/../../../../avr/lib/avr6\libm.a(fp_split3.o)
 .bss           0x00000000        0x0 c:/program files (x86)/atmel/studio/7.0/toolchain/avr8/avr8-gnu-toolchain/bin/../lib/gcc/avr/5.4.0/../../../../avr/lib/avr6\libm.a(fp_split3.o)
 .text          0x00000000        0x0 c:/program files (x86)/atmel/studio/7.0/toolchain/avr8/avr8-gnu-toolchain/bin/../lib/gcc/avr/5.4.0/../../../../avr/lib/avr6\libm.a(fp_zero.o)
 .data          0x00000000        0x0 c:/program files (x86)/atmel/studio/7.0/toolchain/avr8/avr8-gnu-toolchain/bin/../lib/gcc/avr/5.4.0/../../../../avr/lib/avr6\libm.a(fp_zero.o)
 .bss           0x00000000        0x0 c:/program files (x86)/atmel/studio/7.0/toolchain/avr8/avr8-gnu-toolchain/bin/../lib/gcc/avr/5.4.0/../../../../avr/lib/avr6\libm.a(fp_zero.o)
 .text          0x00000000        0x0 c:/program files (x86)/atmel/studio/7.0/toolchain/avr8/avr8-gnu-toolchain/bin/../lib/gcc/avr/5.4.0/../../../../avr/lib/avr6\libm.a(gesf2.o)
 .data          0x00000000        0x0 c:/program files (x86)/atmel/studio/7.0/toolchain/avr8/avr8-gnu-toolchain/bin/../lib/gcc/avr/5.4.0/../../../../avr/lib/avr6\libm.a(gesf2.o)
 .bss           0x00000000        0x0 c:/program files (x86)/atmel/studio/7.0/toolchain/avr8/avr8-gnu-toolchain/bin/../lib/gcc/avr/5.4.0/../../../../avr/lib/avr6\libm.a(gesf2.o)
 .text          0x00000000        0x0 c:/program files (x86)/atmel/studio/7.0/toolchain/avr8/avr8-gnu-toolchain/bin/../lib/gcc/avr/5.4.0/../../../../avr/lib/avr6\libm.a(mulsf3.o)
 .data          0x00000000        0x0 c:/program files (x86)/atmel/studio/7.0/toolchain/avr8/avr8-gnu-toolchain/bin/../lib/gcc/avr/5.4.0/../../../../avr/lib/avr6\libm.a(mulsf3.o)
 .bss           0x00000000        0x0 c:/program files (x86)/atmel/studio/7.0/toolchain/avr8/avr8-gnu-toolchain/bin/../lib/gcc/avr/5.4.0/../../../../avr/lib/avr6\libm.a(mulsf3.o)
 .text          0x00000000        0x0 c:/program files (x86)/atmel/studio/7.0/toolchain/avr8/avr8-gnu-toolchain/bin/../lib/gcc/avr/5.4.0/../../../../avr/lib/avr6\libm.a(mulsf3x.o)
 .data          0x00000000        0x0 c:/program files (x86)/atmel/studio/7.0/toolchain/avr8/avr8-gnu-toolchain/bin/../lib/gcc/avr/5.4.0/../../../../avr/lib/avr6\libm.a(mulsf3x.o)
 .bss           0x00000000        0x0 c:/program files (x86)/atmel/studio/7.0/toolchain/avr8/avr8-gnu-toolchain/bin/../lib/gcc/avr/5.4.0/../../../../avr/lib/avr6\libm.a(mulsf3x.o)
 .text          0x00000000        0x0 c:/program files (x86)/atmel/studio/7.0/toolchain/avr8/avr8-gnu-toolchain/bin/../lib/gcc/avr/5.4.0/../../../../avr/lib/avr6\libc.a(ftoa_engine.o)
 .data          0x00000000        0x0 c:/program files (x86)/atmel/studio/7.0/toolchain/avr8/avr8-gnu-toolchain/bin/../lib/gcc/avr/5.4.0/../../../../avr/lib/avr6\libc.a(ftoa_engine.o)
 .bss           0x00000000        0x0 c:/program files (x86)/atmel/studio/7.0/toolchain/avr8/avr8-gnu-toolchain/bin/../lib/gcc/avr/5.4.0/../../../../avr/lib/avr6\libc.a(ftoa_engine.o)
 .text          0x00000000        0x0 c:/program files (x86)/atmel/studio/7.0/toolchain/avr8/avr8-gnu-toolchain/bin/../lib/gcc/avr/5.4.0/../../../../avr/lib/avr6\libc.a(strnlen_P.o)
 .data          0x00000000        0x0 c:/program files (x86)/atmel/studio/7.0/toolchain/avr8/avr8-gnu-toolchain/bin/../lib/gcc/avr/5.4.0/../../../../avr/lib/avr6\libc.a(strnlen_P.o)
 .bss           0x00000000        0x0 c:/program files (x86)/atmel/studio/7.0/toolchain/avr8/avr8-gnu-toolchain/bin/../lib/gcc/avr/5.4.0/../../../../avr/lib/avr6\libc.a(strnlen_P.o)
 .text          0x00000000        0x0 c:/program files (x86)/atmel/studio/7.0/toolchain/avr8/avr8-gnu-toolchain/bin/../lib/gcc/avr/5.4.0/../../../../avr/lib/avr6\libc.a(strnlen.o)
 .data          0x00000000        0x0 c:/program files (x86)/atmel/studio/7.0/toolchain/avr8/avr8-gnu-toolchain/bin/../lib/gcc/avr/5.4.0/../../../../avr/lib/avr6\libc.a(strnlen.o)
 .bss           0x00000000        0x0 c:/program files (x86)/atmel/studio/7.0/toolchain/avr8/avr8-gnu-toolchain/bin/../lib/gcc/avr/5.4.0/../../../../avr/lib/avr6\libc.a(strnlen.o)
 .text          0x00000000        0x0 c:/program files (x86)/atmel/studio/7.0/toolchain/avr8/avr8-gnu-toolchain/bin/../lib/gcc/avr/5.4.0/../../../../avr/lib/avr6\libc.a(fputc.o)
 .data          0x00000000        0x0 c:/program files (x86)/atmel/studio/7.0/toolchain/avr8/avr8-gnu-toolchain/bin/../lib/gcc/avr/5.4.0/../../../../avr/lib/avr6\libc.a(fputc.o)
 .bss           0x00000000        0x0 c:/program files (x86)/atmel/studio/7.0/toolchain/avr8/avr8-gnu-toolchain/bin/../lib/gcc/avr/5.4.0/../../../../avr/lib/avr6\libc.a(fputc.o)
 .text          0x00000000        0x0 c:/program files (x86)/atmel/studio/7.0/toolchain/avr8/avr8-gnu-toolchain/bin/../lib/gcc/avr/5.4.0/../../../../avr/lib/avr6\libc.a(vsprintf.o)
 .data          0x00000000        0x0 c:/program files (x86)/atmel/studio/7.0/toolchain/avr8/avr8-gnu-toolchain/bin/../lib/gcc/avr/5.4.0/../../../../avr/lib/avr6\libc.a(vsprintf.o)
 .bss           0x00000000        0x0 c:/program files (x86)/atmel/studio/7.0/toolchain/avr8/avr8-gnu-toolchain/bin/../lib/gcc/avr/5.4.0/../../../../avr/lib/avr6\libc.a(vsprintf.o)
 .text          0x00000000        0x0 c:/program files (x86)/atmel/studio/7.0/toolchain/avr8/avr8-gnu-toolchain/bin/../lib/gcc/avr/5.4.0/../../../../avr/lib/avr6\libc.a(ultoa_invert.o)
 .data          0x00000000        0x0 c:/program files (x86)/atmel/studio/7.0/toolchain/avr8/avr8-gnu-toolchain/bin/../lib/gcc/avr/5.4.0/../../../../avr/lib/avr6\libc.a(ultoa_invert.o)
 .bss           0x00000000        0x0 c:/program files (x86)/atmel/studio/7.0/toolchain/avr8/avr8-gnu-toolchain/bin/../lib/gcc/avr/5.4.0/../../../../avr/lib/avr6\libc.a(ultoa_invert.o)

Memory Configuration

Name             Origin             Length             Attributes
text             0x00000000         0x00100000         xr
data             0x00800200         0x0000fe00         rw !x
eeprom           0x00810000         0x00010000         rw !x
fuse             0x00820000         0x00000003         rw !x
lock             0x00830000         0x00000400         rw !x
signature        0x00840000         0x00000400         rw !x
user_signatures  0x00850000         0x00000400         rw !x
*default*        0x00000000         0xffffffff

Linker script and memory map

Address of section .data set to 0x800200
LOAD C:/Program Files (x86)/Atmel/Studio/7.0/Packs/atmel/ATmega_DFP/1.2.132/gcc/dev/atmega256rfr2/avr6/crtatmega256rfr2.o
LOAD stack/phy/atmegarfr2/src/phy.o
LOAD template.o
START GROUP
END GROUP
LOAD c:/program files (x86)/atmel/studio/7.0/toolchain/avr8/avr8-gnu-toolchain/bin/../lib/gcc/avr/5.4.0/../../../../avr/lib/avr6\libprintf_flt.a
START GROUP
LOAD c:/program files (x86)/atmel/studio/7.0/toolchain/avr8/avr8-gnu-toolchain/bin/../lib/gcc/avr/5.4.0/avr6\libgcc.a
LOAD c:/program files (x86)/atmel/studio/7.0/toolchain/avr8/avr8-gnu-toolchain/bin/../lib/gcc/avr/5.4.0/../../../../avr/lib/avr6\libm.a
LOAD c:/program files (x86)/atmel/studio/7.0/toolchain/avr8/avr8-gnu-toolchain/bin/../lib/gcc/avr/5.4.0/../../../../avr/lib/avr6\libc.a
LOAD C:/Program Files (x86)/Atmel/Studio/7.0/Packs/atmel/ATmega_DFP/1.2.132/gcc/dev/atmega256rfr2/avr6\libatmega256rfr2.a
END GROUP
                0x00100000                __TEXT_REGION_LENGTH__ = DEFINED (__TEXT_REGION_LENGTH__)?__TEXT_REGION_LENGTH__:0x100000
                0x0000fe00                __DATA_REGION_LENGTH__ = DEFINED (__DATA_REGION_LENGTH__)?__DATA_REGION_LENGTH__:0xfe00
                0x00010000                __EEPROM_REGION_LENGTH__ = DEFINED (__EEPROM_REGION_LENGTH__)?__EEPROM_REGION_LENGTH__:0x10000
                [0x00000003]                __FUSE_REGION_LENGTH__ = DEFINED (__FUSE_REGION_LENGTH__)?__FUSE_REGION_LENGTH__:0x400
                0x00000400                __LOCK_REGION_LENGTH__ = DEFINED (__LOCK_REGION_LENGTH__)?__LOCK_REGION_LENGTH__:0x400
                0x00000400                __SIGNATURE_REGION_LENGTH__ = DEFINED (__SIGNATURE_REGION_LENGTH__)?__SIGNATURE_REGION_LENGTH__:0x400
                0x00000400                __USER_SIGNATURE_REGION_LENGTH__ = DEFINED (__USER_SIGNATURE_REGION_LENGTH__)?__USER_SIGNATURE_REGION_LENGTH__:0x400

.hash
 *(.hash)

.dynsym
 *(.dynsym)

.dynstr
 *(.dynstr)

.gnu.version
 *(.gnu.version)

.gnu.version_d
 *(.gnu.version_d)

.gnu.version_r
 *(.gnu.version_r)

.rel.init
 *(.rel.init)

.rela.init
 *(.rela.init)

.rel.text
 *(.rel.text)
 *(.rel.text.*)
 *(.rel.gnu.linkonce.t*)

.rela.text
 *(.rela.text)
 *(.rela.text.*)
 *(.rela.gnu.linkonce.t*)

.rel.fini
 *(.rel.fini)

.rela.fini
 *(.rela.fini)

.rel.rodata
 *(.rel.rodata)
 *(.rel.rodata.*)
 *(.rel.gnu.linkonce.r*)

.rela.rodata
 *(.rela.rodata)
 *(.rela.rodata.*)
 *(.rela.gnu.linkonce.r*)

.rel.data
 *(.rel.data)
 *(.rel.data.*)
 *(.rel.gnu.linkonce.d*)

.rela.data
 *(.rela.data)
 *(.rela.data.*)
 *(.rela.gnu.linkonce.d*)

.rel.ctors
 *(.rel.ctors)

.rela.ctors
 *(.rela.ctors)

.rel.dtors
 *(.rel.dtors)

.rela.dtors
 *(.rela.dtors)

.rel.got
 *(.rel.got)

.rela.got
 *(.rela.got)

.rel.bss
 *(.rel.bss)

.rela.bss
 *(.rela.bss)

.rel.plt
 *(.rel.plt)

.rela.plt
 *(.rela.plt)

.text           0x00000000     0x1b2e
 *(.vectors)
 .vectors       0x00000000      0x134 C:/Program Files (x86)/Atmel/Studio/7.0/Packs/atmel/ATmega_DFP/1.2.132/gcc/dev/atmega256rfr2/avr6/crtatmega256rfr2.o
                0x00000000                __vector_default
                0x00000000                __vectors
 *(.vectors)
 *(.progmem.gcc*)
                0x00000134                . = ALIGN (0x2)
                0x00000134                __trampolines_start = .
 *(.trampolines)
 .trampolines   0x00000134        0x0 linker stubs
 *(.trampolines*)
                0x00000134                __trampolines_end = .
 *libprintf_flt.a:*(.progmem.data)
 .progmem.data  0x00000134        0x8 c:/program files (x86)/atmel/studio/7.0/toolchain/avr8/avr8-gnu-toolchain/bin/../lib/gcc/avr/5.4.0/../../../../avr/lib/avr6\libprintf_flt.a(vfprintf_flt.o)
 *libc.a:*(.progmem.data)
 .progmem.data  0x0000013c       0xfa c:/program files (x86)/atmel/studio/7.0/toolchain/avr8/avr8-gnu-toolchain/bin/../lib/gcc/avr/5.4.0/../../../../avr/lib/avr6\libc.a(ftoa_engine.o)
 *(.progmem*)
                0x00000236                . = ALIGN (0x2)
 *(.jumptables)
 *(.jumptables*)
 *(.lowtext)
 *(.lowtext*)
                0x00000236                __ctors_start = .
 *(.ctors)
                0x00000236                __ctors_end = .
                0x00000236                __dtors_start = .
 *(.dtors)
                0x00000236                __dtors_end = .
 SORT(*)(.ctors)
 SORT(*)(.dtors)
 *(.init0)
 .init0         0x00000236        0x0 C:/Program Files (x86)/Atmel/Studio/7.0/Packs/atmel/ATmega_DFP/1.2.132/gcc/dev/atmega256rfr2/avr6/crtatmega256rfr2.o
                0x00000236                __init
 *(.init0)
 *(.init1)
 *(.init1)
 *(.init2)
 .init2         0x00000236       0x10 C:/Program Files (x86)/Atmel/Studio/7.0/Packs/atmel/ATmega_DFP/1.2.132/gcc/dev/atmega256rfr2/avr6/crtatmega256rfr2.o
 *(.init2)
 *(.init3)
 *(.init3)
 *(.init4)
 .init4         0x00000246       0x1a c:/program files (x86)/atmel/studio/7.0/toolchain/avr8/avr8-gnu-toolchain/bin/../lib/gcc/avr/5.4.0/avr6\libgcc.a(_copy_data.o)
                0x00000246                __do_copy_data
 .init4         0x00000260       0x10 c:/program files (x86)/atmel/studio/7.0/toolchain/avr8/avr8-gnu-toolchain/bin/../lib/gcc/avr/5.4.0/avr6\libgcc.a(_clear_bss.o)
                0x00000260                __do_clear_bss
 *(.init4)
 *(.init5)
 *(.init5)
 *(.init6)
 *(.init6)
 *(.init7)
 *(.init7)
 *(.init8)
 *(.init8)
 *(.init9)
 .init9         0x00000270        0x8 C:/Program Files (x86)/Atmel/Studio/7.0/Packs/atmel/ATmega_DFP/1.2.132/gcc/dev/atmega256rfr2/avr6/crtatmega256rfr2.o
 *(.init9)
 *(.text)
 .text          0x00000278        0x4 C:/Program Files (x86)/Atmel/Studio/7.0/Packs/atmel/ATmega_DFP/1.2.132/gcc/dev/atmega256rfr2/avr6/crtatmega256rfr2.o
                0x00000278                __vector_38
                0x00000278                __vector_22
                0x00000278                __vector_63
                0x00000278                __vector_28
                0x00000278                __vector_67
                0x00000278                __vector_1
                0x00000278                __vector_75
                0x00000278                __vector_71
                0x00000278                __vector_34
                0x00000278                __vector_62
                0x00000278                __vector_24
                0x00000278                __vector_12
                0x00000278                __vector_55
                0x00000278                __vector_69
                0x00000278                __vector_46
                0x00000278                __bad_interrupt
                0x00000278                __vector_72
                0x00000278                __vector_6
                0x00000278                __vector_31
                0x00000278                __vector_35
                0x00000278                __vector_74
                0x00000278                __vector_39
                0x00000278                __vector_3
                0x00000278                __vector_23
                0x00000278                __vector_68
                0x00000278                __vector_30
                0x00000278                __vector_73
                0x00000278                __vector_45
                0x00000278                __vector_25
                0x00000278                __vector_61
                0x00000278                __vector_11
                0x00000278                __vector_54
                0x00000278                __vector_13
                0x00000278                __vector_19
                0x00000278                __vector_56
                0x00000278                __vector_7
                0x00000278                __vector_49
                0x00000278                __vector_41
                0x00000278                __vector_64
                0x00000278                __vector_43
                0x00000278                __vector_27
                0x00000278                __vector_5
                0x00000278                __vector_33
                0x00000278                __vector_76
                0x00000278                __vector_47
                0x00000278                __vector_52
                0x00000278                __vector_37
                0x00000278                __vector_4
                0x00000278                __vector_44
                0x00000278                __vector_51
                0x00000278                __vector_9
                0x00000278                __vector_2
                0x00000278                __vector_21
                0x00000278                __vector_15
                0x00000278                __vector_66
                0x00000278                __vector_36
                0x00000278                __vector_58
                0x00000278                __vector_70
                0x00000278                __vector_60
                0x00000278                __vector_40
                0x00000278                __vector_8
                0x00000278                __vector_26
                0x00000278                __vector_48
                0x00000278                __vector_14
                0x00000278                __vector_57
                0x00000278                __vector_53
                0x00000278                __vector_10
                0x00000278                __vector_50
                0x00000278                __vector_16
                0x00000278                __vector_59
                0x00000278                __vector_18
                0x00000278                __vector_20
                0x00000278                __vector_42
                0x00000278                __vector_65
                0x0000027c                . = ALIGN (0x2)
 *(.text.*)
 .text.phyTrxSetState
                0x0000027c       0x20 stack/phy/atmegarfr2/src/phy.o
 .text.PHY_TaskHandler
                0x0000029c       0xae stack/phy/atmegarfr2/src/phy.o
                0x0000029c                PHY_TaskHandler
 .text.__vector_17
                0x0000034a       0x2e template.o
                0x0000034a                __vector_17
 .text.__vector_29
                0x00000378       0x38 template.o
                0x00000378                __vector_29
 .text.LED_Toggle
                0x000003b0        0xa template.o
                0x000003b0                LED_Toggle
 .text.__vector_32
                0x000003ba      0x1d8 template.o
                0x000003ba                __vector_32
 .text.ledAlerte
                0x00000592       0x28 template.o
                0x00000592                ledAlerte
 .text.ledPH    0x000005ba       0x7a template.o
                0x000005ba                ledPH
 .text.conv_PH  0x00000634       0x6e template.o
                0x00000634                conv_PH
 .text.Timer_Init
                0x000006a2       0x50 template.o
                0x000006a2                Timer_Init
 .text.ADC_setup
                0x000006f2       0x10 template.o
                0x000006f2                ADC_setup
 .text.LED_setup
                0x00000702       0x12 template.o
                0x00000702                LED_setup
 .text.lecture_ADC
                0x00000714       0x46 template.o
                0x00000714                lecture_ADC
 .text.Ecris_UART
                0x0000075a       0x60 template.o
                0x0000075a                Ecris_UART
 .text.init_UART
                0x000007ba       0x1c template.o
                0x000007ba                init_UART
 .text.SYS_Init
                0x000007d6       0x30 template.o
                0x000007d6                SYS_Init
 .text.start_ADC
                0x00000806        0xc template.o
                0x00000806                start_ADC
 .text.startup.main
                0x00000812      0x45a template.o
                0x00000812                main
 .text.avr-libc
                0x00000c6c      0x74c c:/program files (x86)/atmel/studio/7.0/toolchain/avr8/avr8-gnu-toolchain/bin/../lib/gcc/avr/5.4.0/../../../../avr/lib/avr6\libprintf_flt.a(vfprintf_flt.o)
                0x00000c6c                vfprintf
 .text.avr-libc.fplib
                0x000013b8        0xe c:/program files (x86)/atmel/studio/7.0/toolchain/avr8/avr8-gnu-toolchain/bin/../lib/gcc/avr/5.4.0/../../../../avr/lib/avr6\libm.a(addsf3.o)
                0x000013b8                __subsf3
                0x000013ba                __addsf3
 .text.avr-libc.fplib
                0x000013c6       0xcc c:/program files (x86)/atmel/studio/7.0/toolchain/avr8/avr8-gnu-toolchain/bin/../lib/gcc/avr/5.4.0/../../../../avr/lib/avr6\libm.a(addsf3x.o)
                0x000013e8                __addsf3x
 .text.avr-libc.fplib
                0x00001492        0xa c:/program files (x86)/atmel/studio/7.0/toolchain/avr8/avr8-gnu-toolchain/bin/../lib/gcc/avr/5.4.0/../../../../avr/lib/avr6\libm.a(cmpsf2.o)
                0x00001492                __nesf2
                0x00001492                __eqsf2
                0x00001492                __cmpsf2
                0x00001492                __ltsf2
                0x00001492                __lesf2
 .text.avr-libc.fplib
                0x0000149c        0x8 c:/program files (x86)/atmel/studio/7.0/toolchain/avr8/avr8-gnu-toolchain/bin/../lib/gcc/avr/5.4.0/../../../../avr/lib/avr6\libm.a(divsf3.o)
                0x0000149c                __divsf3
 .text.avr-libc.fplib
                0x000014a4       0xdc c:/program files (x86)/atmel/studio/7.0/toolchain/avr8/avr8-gnu-toolchain/bin/../lib/gcc/avr/5.4.0/../../../../avr/lib/avr6\libm.a(divsf3x.o)
                0x000014c4                __divsf3x
                0x000014ca                __divsf3_pse
 .text.avr-libc.fplib
                0x00001580       0x7a c:/program files (x86)/atmel/studio/7.0/toolchain/avr8/avr8-gnu-toolchain/bin/../lib/gcc/avr/5.4.0/../../../../avr/lib/avr6\libm.a(floatsisf.o)
                0x00001580                __floatunsisf
                0x00001584                __floatsisf
 .text.avr-libc.fplib
                0x000015fa       0x48 c:/program files (x86)/atmel/studio/7.0/toolchain/avr8/avr8-gnu-toolchain/bin/../lib/gcc/avr/5.4.0/../../../../avr/lib/avr6\libm.a(fp_cmp.o)
                0x000015fa                __fp_cmp
 .text.avr-libc.fplib
                0x00001642        0xc c:/program files (x86)/atmel/studio/7.0/toolchain/avr8/avr8-gnu-toolchain/bin/../lib/gcc/avr/5.4.0/../../../../avr/lib/avr6\libm.a(fp_inf.o)
                0x00001642                __fp_inf
 .text.avr-libc.fplib
                0x0000164e        0x6 c:/program files (x86)/atmel/studio/7.0/toolchain/avr8/avr8-gnu-toolchain/bin/../lib/gcc/avr/5.4.0/../../../../avr/lib/avr6\libm.a(fp_nan.o)
                0x0000164e                __fp_nan
 .text.avr-libc.fplib
                0x00001654        0xe c:/program files (x86)/atmel/studio/7.0/toolchain/avr8/avr8-gnu-toolchain/bin/../lib/gcc/avr/5.4.0/../../../../avr/lib/avr6\libm.a(fp_pscA.o)
                0x00001654                __fp_pscA
 .text.avr-libc.fplib
                0x00001662        0xe c:/program files (x86)/atmel/studio/7.0/toolchain/avr8/avr8-gnu-toolchain/bin/../lib/gcc/avr/5.4.0/../../../../avr/lib/avr6\libm.a(fp_pscB.o)
                0x00001662                __fp_pscB
 .text.avr-libc.fplib
                0x00001670       0x22 c:/program files (x86)/atmel/studio/7.0/toolchain/avr8/avr8-gnu-toolchain/bin/../lib/gcc/avr/5.4.0/../../../../avr/lib/avr6\libm.a(fp_round.o)
                0x00001670                __fp_round
 .text.avr-libc.fplib
                0x00001692       0x44 c:/program files (x86)/atmel/studio/7.0/toolchain/avr8/avr8-gnu-toolchain/bin/../lib/gcc/avr/5.4.0/../../../../avr/lib/avr6\libm.a(fp_split3.o)
                0x00001692                __fp_split3
                0x000016a2                __fp_splitA
 .text.avr-libc.fplib
                0x000016d6        0xe c:/program files (x86)/atmel/studio/7.0/toolchain/avr8/avr8-gnu-toolchain/bin/../lib/gcc/avr/5.4.0/../../../../avr/lib/avr6\libm.a(fp_zero.o)
                0x000016d6                __fp_zero
                0x000016d8                __fp_szero
 .text.avr-libc.fplib
                0x000016e4        0xa c:/program files (x86)/atmel/studio/7.0/toolchain/avr8/avr8-gnu-toolchain/bin/../lib/gcc/avr/5.4.0/../../../../avr/lib/avr6\libm.a(gesf2.o)
                0x000016e4                __gesf2
                0x000016e4                __gtsf2
 .text.avr-libc.fplib
                0x000016ee        0x8 c:/program files (x86)/atmel/studio/7.0/toolchain/avr8/avr8-gnu-toolchain/bin/../lib/gcc/avr/5.4.0/../../../../avr/lib/avr6\libm.a(mulsf3.o)
                0x000016ee                __mulsf3
 .text.avr-libc.fplib
                0x000016f6       0xd2 c:/program files (x86)/atmel/studio/7.0/toolchain/avr8/avr8-gnu-toolchain/bin/../lib/gcc/avr/5.4.0/../../../../avr/lib/avr6\libm.a(mulsf3x.o)
                0x00001714                __mulsf3x
                0x0000171a                __mulsf3_pse
 .text.avr-libc
                0x000017c8      0x1b0 c:/program files (x86)/atmel/studio/7.0/toolchain/avr8/avr8-gnu-toolchain/bin/../lib/gcc/avr/5.4.0/../../../../avr/lib/avr6\libc.a(ftoa_engine.o)
                0x000017c8                __ftoa_engine
 .text.avr-libc
                0x00001978       0x16 c:/program files (x86)/atmel/studio/7.0/toolchain/avr8/avr8-gnu-toolchain/bin/../lib/gcc/avr/5.4.0/../../../../avr/lib/avr6\libc.a(strnlen_P.o)
                0x00001978                strnlen_P
 .text.avr-libc
                0x0000198e       0x16 c:/program files (x86)/atmel/studio/7.0/toolchain/avr8/avr8-gnu-toolchain/bin/../lib/gcc/avr/5.4.0/../../../../avr/lib/avr6\libc.a(strnlen.o)
                0x0000198e                strnlen
 .text.avr-libc
                0x000019a4       0x78 c:/program files (x86)/atmel/studio/7.0/toolchain/avr8/avr8-gnu-toolchain/bin/../lib/gcc/avr/5.4.0/../../../../avr/lib/avr6\libc.a(fputc.o)
                0x000019a4                fputc
 .text.avr-libc
                0x00001a1c       0x52 c:/program files (x86)/atmel/studio/7.0/toolchain/avr8/avr8-gnu-toolchain/bin/../lib/gcc/avr/5.4.0/../../../../avr/lib/avr6\libc.a(vsprintf.o)
                0x00001a1c                vsprintf
 .text.avr-libc
                0x00001a6e       0xbc c:/program files (x86)/atmel/studio/7.0/toolchain/avr8/avr8-gnu-toolchain/bin/../lib/gcc/avr/5.4.0/../../../../avr/lib/avr6\libc.a(ultoa_invert.o)
                0x00001a6e                __ultoa_invert
                0x00001b2a                . = ALIGN (0x2)
 *(.fini9)
 .fini9         0x00001b2a        0x0 c:/program files (x86)/atmel/studio/7.0/toolchain/avr8/avr8-gnu-toolchain/bin/../lib/gcc/avr/5.4.0/avr6\libgcc.a(_exit.o)
                0x00001b2a                _exit
                0x00001b2a                exit
 *(.fini9)
 *(.fini8)
 *(.fini8)
 *(.fini7)
 *(.fini7)
 *(.fini6)
 *(.fini6)
 *(.fini5)
 *(.fini5)
 *(.fini4)
 *(.fini4)
 *(.fini3)
 *(.fini3)
 *(.fini2)
 *(.fini2)
 *(.fini1)
 *(.fini1)
 *(.fini0)
 .fini0         0x00001b2a        0x4 c:/program files (x86)/atmel/studio/7.0/toolchain/avr8/avr8-gnu-toolchain/bin/../lib/gcc/avr/5.4.0/avr6\libgcc.a(_exit.o)
 *(.fini0)
                0x00001b2e                _etext = .

.data           0x00800200      0x212 load address 0x00001b2e
                0x00800200                PROVIDE (__data_start, .)
 *(.data)
 *(.data*)
 .data.maxPerteConnexion
                0x00800200        0x1 template.o
                0x00800200                maxPerteConnexion
 .data.seuilPh  0x00800201        0x1 template.o
                0x00800201                seuilPh
 .data.valeurPh
                0x00800202        0x4 template.o
                0x00800202                valeurPh
 .data.receptAckType
                0x00800206        0x2 template.o
                0x00800206                receptAckType
 .data.niveauAlerte2
                0x00800208        0x2 template.o
                0x00800208                niveauAlerte2
 .data.tempNiveauAlerte2
                0x0080020a        0x2 template.o
                0x0080020a                tempNiveauAlerte2
 .data.niveauAlerte1
                0x0080020c        0x2 template.o
                0x0080020c                niveauAlerte1
 .data.TimeOutEmission2
                0x0080020e        0x2 template.o
                0x0080020e                TimeOutEmission2
 .data.TimeOutEmission1
                0x00800210        0x2 template.o
                0x00800210                TimeOutEmission1
 .data.TimeOutComm
                0x00800212        0x2 template.o
                0x00800212                TimeOutComm
 .data.intervalLEDAlerte
                0x00800214        0x2 template.o
                0x00800214                intervalLEDAlerte
 .data.intervalMesurePh
                0x00800216        0x2 template.o
                0x00800216                intervalMesurePh
 *(.rodata)
 *(.rodata*)
 .rodata.str1.1
                0x00800218      0x1f9 template.o
 *(.gnu.linkonce.d*)
                0x00800412                . = ALIGN (0x2)
 *fill*         0x00800411        0x1 
                0x00800412                _edata = .
                0x00800412                PROVIDE (__data_end, .)

.bss            0x00800412      0x12c
                0x00800412                PROVIDE (__bss_start, .)
 *(.bss)
 *(.bss*)
 .bss.phyRxBuffer
                0x00800412       0x80 stack/phy/atmegarfr2/src/phy.o
 .bss.phyState  0x00800492        0x1 stack/phy/atmegarfr2/src/phy.o
 .bss.isWaitingAck2
                0x00800493        0x1 template.o
                0x00800493                isWaitingAck2
 .bss.isWaitingAck1
                0x00800494        0x1 template.o
                0x00800494                isWaitingAck1
 .bss.CRC_confirm
                0x00800495        0x1 template.o
                0x00800495                CRC_confirm
 .bss.perteConnexion
                0x00800496        0x1 template.o
                0x00800496                perteConnexion
 .bss.compteurPerteConnexion
                0x00800497        0x1 template.o
                0x00800497                compteurPerteConnexion
 .bss.valeurADC
                0x00800498        0x4 template.o
                0x00800498                valeurADC
 .bss.etatAlerteGlobal
                0x0080049c        0x2 template.o
                0x0080049c                etatAlerteGlobal
 .bss.flagTimeOutEmission2
                0x0080049e        0x1 template.o
                0x0080049e                flagTimeOutEmission2
 .bss.flagTimeOutEmission1
                0x0080049f        0x1 template.o
                0x0080049f                flagTimeOutEmission1
 .bss.isCountingAttenteSonde2
                0x008004a0        0x1 template.o
                0x008004a0                isCountingAttenteSonde2
 .bss.isCountingAttenteSonde1
                0x008004a1        0x1 template.o
                0x008004a1                isCountingAttenteSonde1
 .bss.flagConfSonde2
                0x008004a2        0x1 template.o
                0x008004a2                flagConfSonde2
 .bss.flagConfSonde1
                0x008004a3        0x1 template.o
                0x008004a3                flagConfSonde1
 .bss.flagTimeOutAck2
                0x008004a4        0x1 template.o
                0x008004a4                flagTimeOutAck2
 .bss.flagTimeOutAck1
                0x008004a5        0x1 template.o
                0x008004a5                flagTimeOutAck1
 .bss.flagAttenteAck2
                0x008004a6        0x1 template.o
                0x008004a6                flagAttenteAck2
 .bss.flagPoll  0x008004a7        0x1 template.o
                0x008004a7                flagPoll
 .bss.flag_ADC  0x008004a8        0x1 template.o
                0x008004a8                flag_ADC
 .bss.flagPh    0x008004a9        0x1 template.o
                0x008004a9                flagPh
 .bss.compteurLEDAlerte
                0x008004aa        0x2 template.o
                0x008004aa                compteurLEDAlerte
 .bss.compteurTimeOutEmission2
                0x008004ac        0x2 template.o
                0x008004ac                compteurTimeOutEmission2
 .bss.compteurTimeOutEmission1
                0x008004ae        0x2 template.o
                0x008004ae                compteurTimeOutEmission1
 .bss.compteur_color
                0x008004b0        0x2 template.o
                0x008004b0                compteur_color
 .bss.compteurAttenteAck2
                0x008004b2        0x2 template.o
                0x008004b2                compteurAttenteAck2
 .bss.compteurAttenteAck1
                0x008004b4        0x2 template.o
                0x008004b4                compteurAttenteAck1
 .bss.compteurMesurePh
                0x008004b6        0x2 template.o
                0x008004b6                compteurMesurePh
 *(COMMON)
 COMMON         0x008004b8       0x86 template.o
                0x008004b8                ind
                0x008004bd                messageWireless
                0x0080053d                receivedWireless
                0x0080053e                PROVIDE (__bss_end, .)
                0x00001b2e                __data_load_start = LOADADDR (.data)
                0x00001d40                __data_load_end = (__data_load_start + SIZEOF (.data))

.noinit         0x0080053e        0x0
                [!provide]                PROVIDE (__noinit_start, .)
 *(.noinit*)
                [!provide]                PROVIDE (__noinit_end, .)
                0x0080053e                _end = .
                [!provide]                PROVIDE (__heap_start, .)

.eeprom         0x00810000        0x0
 *(.eeprom*)
                0x00810000                __eeprom_end = .

.fuse
 *(.fuse)
 *(.lfuse)
 *(.hfuse)
 *(.efuse)

.lock
 *(.lock*)

.signature
 *(.signature*)

.user_signatures
 *(.user_signatures*)

.stab
 *(.stab)

.stabstr
 *(.stabstr)

.stab.excl
 *(.stab.excl)

.stab.exclstr
 *(.stab.exclstr)

.stab.index
 *(.stab.index)

.stab.indexstr
 *(.stab.indexstr)

.comment        0x00000000       0x5c
 *(.comment)
 .comment       0x00000000       0x30 stack/phy/atmegarfr2/src/phy.o
                                 0x31 (size before relaxing)
 .comment       0x00000030       0x31 template.o
 .comment       0x00000030       0x2c c:/program files (x86)/atmel/studio/7.0/toolchain/avr8/avr8-gnu-toolchain/bin/../lib/gcc/avr/5.4.0/../../../../avr/lib/avr6\libprintf_flt.a(vfprintf_flt.o)
                                 0x2d (size before relaxing)
 .comment       0x0000005c       0x31 c:/program files (x86)/atmel/studio/7.0/toolchain/avr8/avr8-gnu-toolchain/bin/../lib/gcc/avr/5.4.0/../../../../avr/lib/avr6\libc.a(fputc.o)
 .comment       0x0000005c       0x31 c:/program files (x86)/atmel/studio/7.0/toolchain/avr8/avr8-gnu-toolchain/bin/../lib/gcc/avr/5.4.0/../../../../avr/lib/avr6\libc.a(vsprintf.o)

.note.gnu.avr.deviceinfo
                0x00000000       0x40
 .note.gnu.avr.deviceinfo
                0x00000000       0x40 C:/Program Files (x86)/Atmel/Studio/7.0/Packs/atmel/ATmega_DFP/1.2.132/gcc/dev/atmega256rfr2/avr6/crtatmega256rfr2.o

.note.gnu.build-id
 *(.note.gnu.build-id)

.debug
 *(.debug)

.line
 *(.line)

.debug_srcinfo
 *(.debug_srcinfo)

.debug_sfnames
 *(.debug_sfnames)

.debug_aranges  0x00000000      0x118
 *(.debug_aranges)
 .debug_aranges
                0x00000000       0x60 stack/phy/atmegarfr2/src/phy.o
 .debug_aranges
                0x00000060       0xb8 template.o

.debug_pubnames
 *(.debug_pubnames)

.debug_info     0x00000000     0x250c
 *(.debug_info .gnu.linkonce.wi.*)
 .debug_info    0x00000000     0x13e6 C:/Program Files (x86)/Atmel/Studio/7.0/Packs/atmel/ATmega_DFP/1.2.132/gcc/dev/atmega256rfr2/avr6/crtatmega256rfr2.o
 .debug_info    0x000013e6      0x6bd stack/phy/atmegarfr2/src/phy.o
 .debug_info    0x00001aa3      0xa69 template.o

.debug_abbrev   0x00000000     0x1888
 *(.debug_abbrev)
 .debug_abbrev  0x00000000     0x12d6 C:/Program Files (x86)/Atmel/Studio/7.0/Packs/atmel/ATmega_DFP/1.2.132/gcc/dev/atmega256rfr2/avr6/crtatmega256rfr2.o
 .debug_abbrev  0x000012d6      0x288 stack/phy/atmegarfr2/src/phy.o
 .debug_abbrev  0x0000155e      0x32a template.o

.debug_line     0x00000000     0x1233
 *(.debug_line .debug_line.* .debug_line_end)
 .debug_line    0x00000000      0x271 C:/Program Files (x86)/Atmel/Studio/7.0/Packs/atmel/ATmega_DFP/1.2.132/gcc/dev/atmega256rfr2/avr6/crtatmega256rfr2.o
 .debug_line    0x00000271      0x4fe stack/phy/atmegarfr2/src/phy.o
 .debug_line    0x0000076f      0xac4 template.o

.debug_frame    0x00000000      0x34c
 *(.debug_frame)
 .debug_frame   0x00000000       0xb4 stack/phy/atmegarfr2/src/phy.o
 .debug_frame   0x000000b4      0x298 template.o

.debug_str      0x00000000    0x1155d
 *(.debug_str)
 .debug_str     0x00000000      0x7f7 C:/Program Files (x86)/Atmel/Studio/7.0/Packs/atmel/ATmega_DFP/1.2.132/gcc/dev/atmega256rfr2/avr6/crtatmega256rfr2.o
 .debug_str     0x000007f7     0xf927 stack/phy/atmegarfr2/src/phy.o
                               0xfa80 (size before relaxing)
 .debug_str     0x0001011e     0x143f template.o
                               0xfa5e (size before relaxing)

.debug_loc      0x00000000      0x94f
 *(.debug_loc)
 .debug_loc     0x00000000      0x199 stack/phy/atmegarfr2/src/phy.o
 .debug_loc     0x00000199      0x7b6 template.o

.debug_macinfo
 *(.debug_macinfo)

.debug_weaknames
 *(.debug_weaknames)

.debug_funcnames
 *(.debug_funcnames)

.debug_typenames
 *(.debug_typenames)

.debug_varnames
 *(.debug_varnames)

.debug_pubtypes
 *(.debug_pubtypes)

.debug_ranges   0x00000000      0x110
 *(.debug_ranges)
 .debug_ranges  0x00000000       0x50 stack/phy/atmegarfr2/src/phy.o
 .debug_ranges  0x00000050       0xc0 template.o

.debug_macro    0x00000000     0x588d
 *(.debug_macro)
 .debug_macro   0x00000000      0x106 stack/phy/atmegarfr2/src/phy.o
 .debug_macro   0x00000106      0xa90 stack/phy/atmegarfr2/src/phy.o
 .debug_macro   0x00000b96      0x1c9 stack/phy/atmegarfr2/src/phy.o
 .debug_macro   0x00000d5f       0x10 stack/phy/atmegarfr2/src/phy.o
 .debug_macro   0x00000d6f      0x302 stack/phy/atmegarfr2/src/phy.o
 .debug_macro   0x00001071       0x9e stack/phy/atmegarfr2/src/phy.o
 .debug_macro   0x0000110f     0x37d1 stack/phy/atmegarfr2/src/phy.o
 .debug_macro   0x000048e0      0x219 stack/phy/atmegarfr2/src/phy.o
 .debug_macro   0x00004af9       0xd9 stack/phy/atmegarfr2/src/phy.o
 .debug_macro   0x00004bd2       0x34 stack/phy/atmegarfr2/src/phy.o
 .debug_macro   0x00004c06       0x18 stack/phy/atmegarfr2/src/phy.o
 .debug_macro   0x00004c1e       0x6c stack/phy/atmegarfr2/src/phy.o
 .debug_macro   0x00004c8a       0x68 stack/phy/atmegarfr2/src/phy.o
 .debug_macro   0x00004cf2       0x69 stack/phy/atmegarfr2/src/phy.o
 .debug_macro   0x00004d5b       0x10 stack/phy/atmegarfr2/src/phy.o
 .debug_macro   0x00004d6b       0x89 stack/phy/atmegarfr2/src/phy.o
 .debug_macro   0x00004df4      0x181 stack/phy/atmegarfr2/src/phy.o
 .debug_macro   0x00004f75       0x34 stack/phy/atmegarfr2/src/phy.o
 .debug_macro   0x00004fa9       0x22 stack/phy/atmegarfr2/src/phy.o
 .debug_macro   0x00004fcb       0x40 stack/phy/atmegarfr2/src/phy.o
 .debug_macro   0x0000500b      0x27e stack/phy/atmegarfr2/src/phy.o
 .debug_macro   0x00005289      0x1a5 template.o
 .debug_macro   0x0000542e       0x10 template.o
 .debug_macro   0x0000543e       0x10 template.o
 .debug_macro   0x0000544e       0x10 template.o
 .debug_macro   0x0000545e       0x1c template.o
 .debug_macro   0x0000547a       0x1c template.o
 .debug_macro   0x00005496       0x10 template.o
 .debug_macro   0x000054a6      0x160 template.o
 .debug_macro   0x00005606       0x58 template.o
 .debug_macro   0x0000565e       0x10 template.o
 .debug_macro   0x0000566e       0x20 template.o
 .debug_macro   0x0000568e       0xf2 template.o
 .debug_macro   0x00005780       0x1c template.o
 .debug_macro   0x0000579c       0x97 template.o
 .debug_macro   0x00005833       0x5a template.o
OUTPUT(Template.elf elf32-avr)
LOAD linker stubs
