Archive member included to satisfy reference by file (symbol)

d:/program files/atmel studio/7.0/toolchain/avr8/avr8-gnu-toolchain/bin/../lib/gcc/avr/5.4.0/avr6\libgcc.a(_exit.o)
                              d:/program files/atmel studio/7.0/toolchain/avr8/avr8-gnu-toolchain/bin/../lib/gcc/avr/5.4.0/../../../../avr/lib/avr6/crtatmega256rfr2.o (exit)
d:/program files/atmel studio/7.0/toolchain/avr8/avr8-gnu-toolchain/bin/../lib/gcc/avr/5.4.0/avr6\libgcc.a(_copy_data.o)
                              template.o (__do_copy_data)
d:/program files/atmel studio/7.0/toolchain/avr8/avr8-gnu-toolchain/bin/../lib/gcc/avr/5.4.0/avr6\libgcc.a(_clear_bss.o)
                              stack/phy/atmegarfr2/src/phy.o (__do_clear_bss)
d:/program files/atmel studio/7.0/toolchain/avr8/avr8-gnu-toolchain/bin/../lib/gcc/avr/5.4.0/../../../../avr/lib/avr6\libc.a(memcmp.o)
                              template.o (memcmp)
d:/program files/atmel studio/7.0/toolchain/avr8/avr8-gnu-toolchain/bin/../lib/gcc/avr/5.4.0/../../../../avr/lib/avr6\libc.a(strcpy.o)
                              template.o (strcpy)
d:/program files/atmel studio/7.0/toolchain/avr8/avr8-gnu-toolchain/bin/../lib/gcc/avr/5.4.0/../../../../avr/lib/avr6\libc.a(vsprintf.o)
                              template.o (vsprintf)
d:/program files/atmel studio/7.0/toolchain/avr8/avr8-gnu-toolchain/bin/../lib/gcc/avr/5.4.0/../../../../avr/lib/avr6\libc.a(vfprintf_std.o)
                              d:/program files/atmel studio/7.0/toolchain/avr8/avr8-gnu-toolchain/bin/../lib/gcc/avr/5.4.0/../../../../avr/lib/avr6\libc.a(vsprintf.o) (vfprintf)
d:/program files/atmel studio/7.0/toolchain/avr8/avr8-gnu-toolchain/bin/../lib/gcc/avr/5.4.0/../../../../avr/lib/avr6\libc.a(strnlen_P.o)
                              d:/program files/atmel studio/7.0/toolchain/avr8/avr8-gnu-toolchain/bin/../lib/gcc/avr/5.4.0/../../../../avr/lib/avr6\libc.a(vfprintf_std.o) (strnlen_P)
d:/program files/atmel studio/7.0/toolchain/avr8/avr8-gnu-toolchain/bin/../lib/gcc/avr/5.4.0/../../../../avr/lib/avr6\libc.a(strnlen.o)
                              d:/program files/atmel studio/7.0/toolchain/avr8/avr8-gnu-toolchain/bin/../lib/gcc/avr/5.4.0/../../../../avr/lib/avr6\libc.a(vfprintf_std.o) (strnlen)
d:/program files/atmel studio/7.0/toolchain/avr8/avr8-gnu-toolchain/bin/../lib/gcc/avr/5.4.0/../../../../avr/lib/avr6\libc.a(fputc.o)
                              d:/program files/atmel studio/7.0/toolchain/avr8/avr8-gnu-toolchain/bin/../lib/gcc/avr/5.4.0/../../../../avr/lib/avr6\libc.a(vfprintf_std.o) (fputc)
d:/program files/atmel studio/7.0/toolchain/avr8/avr8-gnu-toolchain/bin/../lib/gcc/avr/5.4.0/../../../../avr/lib/avr6\libc.a(ultoa_invert.o)
                              d:/program files/atmel studio/7.0/toolchain/avr8/avr8-gnu-toolchain/bin/../lib/gcc/avr/5.4.0/../../../../avr/lib/avr6\libc.a(vfprintf_std.o) (__ultoa_invert)

Allocating common symbols
Common symbol       size              file

ptr                 0x2               template.o
AdressOK            0x1               template.o
ind                 0x5               template.o
testBuffer2         0x67              template.o
receivedWireless    0x1               template.o
crcOK               0x1               template.o

Discarded input sections

 .data          0x00000000        0x0 d:/program files/atmel studio/7.0/toolchain/avr8/avr8-gnu-toolchain/bin/../lib/gcc/avr/5.4.0/../../../../avr/lib/avr6/crtatmega256rfr2.o
 .bss           0x00000000        0x0 d:/program files/atmel studio/7.0/toolchain/avr8/avr8-gnu-toolchain/bin/../lib/gcc/avr/5.4.0/../../../../avr/lib/avr6/crtatmega256rfr2.o
 .group         0x00000000        0x8 stack/phy/atmegarfr2/src/phy.o
 .group         0x00000000        0x8 stack/phy/atmegarfr2/src/phy.o
 .group         0x00000000        0x8 stack/phy/atmegarfr2/src/phy.o
 .group         0x00000000        0x8 stack/phy/atmegarfr2/src/phy.o
 .group         0x00000000        0x8 stack/phy/atmegarfr2/src/phy.o
 .group         0x00000000        0x8 stack/phy/atmegarfr2/src/phy.o
 .group         0x00000000        0x8 stack/phy/atmegarfr2/src/phy.o
 .group         0x00000000        0x8 stack/phy/atmegarfr2/src/phy.o
 .group         0x00000000        0x8 stack/phy/atmegarfr2/src/phy.o
 .group         0x00000000        0x8 stack/phy/atmegarfr2/src/phy.o
 .group         0x00000000        0x8 stack/phy/atmegarfr2/src/phy.o
 .group         0x00000000        0x8 stack/phy/atmegarfr2/src/phy.o
 .group         0x00000000        0x8 stack/phy/atmegarfr2/src/phy.o
 .group         0x00000000        0x8 stack/phy/atmegarfr2/src/phy.o
 .group         0x00000000        0x8 stack/phy/atmegarfr2/src/phy.o
 .group         0x00000000        0x8 stack/phy/atmegarfr2/src/phy.o
 .group         0x00000000        0x8 stack/phy/atmegarfr2/src/phy.o
 .group         0x00000000        0x8 stack/phy/atmegarfr2/src/phy.o
 .group         0x00000000        0x8 stack/phy/atmegarfr2/src/phy.o
 .group         0x00000000        0x8 stack/phy/atmegarfr2/src/phy.o
 .text          0x00000000        0x0 stack/phy/atmegarfr2/src/phy.o
 .data          0x00000000        0x0 stack/phy/atmegarfr2/src/phy.o
 .bss           0x00000000        0x0 stack/phy/atmegarfr2/src/phy.o
 .text.PHY_SetChannel
                0x00000000        0x8 stack/phy/atmegarfr2/src/phy.o
 .text.PHY_SetBand
                0x00000000        0x8 stack/phy/atmegarfr2/src/phy.o
 .text.PHY_SetTxPower
                0x00000000       0x10 stack/phy/atmegarfr2/src/phy.o
 .group         0x00000000        0x8 template.o
 .group         0x00000000        0x8 template.o
 .group         0x00000000        0x8 template.o
 .group         0x00000000        0x8 template.o
 .group         0x00000000        0x8 template.o
 .group         0x00000000        0x8 template.o
 .group         0x00000000        0x8 template.o
 .group         0x00000000        0x8 template.o
 .group         0x00000000        0x8 template.o
 .group         0x00000000        0x8 template.o
 .group         0x00000000        0x8 template.o
 .group         0x00000000        0x8 template.o
 .group         0x00000000        0x8 template.o
 .group         0x00000000        0x8 template.o
 .group         0x00000000        0x8 template.o
 .group         0x00000000        0x8 template.o
 .group         0x00000000        0x8 template.o
 .group         0x00000000        0x8 template.o
 .group         0x00000000        0x8 template.o
 .group         0x00000000        0x8 template.o
 .group         0x00000000        0x8 template.o
 .group         0x00000000        0x8 template.o
 .group         0x00000000        0x8 template.o
 .group         0x00000000        0x8 template.o
 .group         0x00000000        0x8 template.o
 .group         0x00000000        0x8 template.o
 .group         0x00000000        0x8 template.o
 .group         0x00000000        0x8 template.o
 .group         0x00000000        0x8 template.o
 .group         0x00000000        0x8 template.o
 .group         0x00000000        0x8 template.o
 .group         0x00000000        0x8 template.o
 .text          0x00000000        0x0 template.o
 .data          0x00000000        0x0 template.o
 .bss           0x00000000        0x0 template.o
 .data.testeu   0x00000000        0x2 template.o
 .debug_macro   0x00000000      0xa8a template.o
 .debug_macro   0x00000000       0x40 template.o
 .debug_macro   0x00000000      0x1c9 template.o
 .debug_macro   0x00000000       0x22 template.o
 .debug_macro   0x00000000       0x10 template.o
 .debug_macro   0x00000000      0x302 template.o
 .debug_macro   0x00000000       0x9e template.o
 .debug_macro   0x00000000     0x37dd template.o
 .debug_macro   0x00000000      0x219 template.o
 .debug_macro   0x00000000       0xd9 template.o
 .debug_macro   0x00000000       0x34 template.o
 .debug_macro   0x00000000       0x18 template.o
 .debug_macro   0x00000000       0x6c template.o
 .debug_macro   0x00000000       0x68 template.o
 .debug_macro   0x00000000       0x69 template.o
 .debug_macro   0x00000000       0x10 template.o
 .debug_macro   0x00000000       0x89 template.o
 .debug_macro   0x00000000      0x181 template.o
 .debug_macro   0x00000000       0x34 template.o
 .group         0x00000000        0x8 crc16.o
 .group         0x00000000        0x8 crc16.o
 .group         0x00000000        0x8 crc16.o
 .group         0x00000000        0x8 crc16.o
 .group         0x00000000        0x8 crc16.o
 .group         0x00000000        0x8 crc16.o
 .group         0x00000000        0x8 crc16.o
 .text          0x00000000        0x0 crc16.o
 .data          0x00000000        0x0 crc16.o
 .bss           0x00000000        0x0 crc16.o
 .text.init_crc16_tab
                0x00000000       0x4a crc16.o
 .text.crc_16   0x00000000       0x56 crc16.o
 .text.crc_modbus
                0x00000000       0x56 crc16.o
 .text.update_crc_16
                0x00000000       0x44 crc16.o
 .bss.crc_tab16
                0x00000000      0x200 crc16.o
 .bss.crc_tab16_init
                0x00000000        0x1 crc16.o
 .debug_info    0x00000000      0x293 crc16.o
 .debug_abbrev  0x00000000       0xf5 crc16.o
 .debug_loc     0x00000000      0x571 crc16.o
 .debug_aranges
                0x00000000       0x38 crc16.o
 .debug_ranges  0x00000000       0x28 crc16.o
 .debug_macro   0x00000000       0x53 crc16.o
 .debug_macro   0x00000000      0xa8a crc16.o
 .debug_macro   0x00000000       0x22 crc16.o
 .debug_macro   0x00000000       0x1c crc16.o
 .debug_macro   0x00000000      0x10e crc16.o
 .debug_macro   0x00000000       0x66 crc16.o
 .debug_macro   0x00000000      0x1c9 crc16.o
 .debug_macro   0x00000000       0x64 crc16.o
 .debug_line    0x00000000      0x24a crc16.o
 .debug_str     0x00000000     0x3946 crc16.o
 .comment       0x00000000       0x31 crc16.o
 .debug_frame   0x00000000       0x9c crc16.o
 .group         0x00000000        0x8 crc8.o
 .group         0x00000000        0x8 crc8.o
 .group         0x00000000        0x8 crc8.o
 .group         0x00000000        0x8 crc8.o
 .group         0x00000000        0x8 crc8.o
 .group         0x00000000        0x8 crc8.o
 .text          0x00000000        0x0 crc8.o
 .data          0x00000000        0x0 crc8.o
 .bss           0x00000000        0x0 crc8.o
 .text.update_crc_8
                0x00000000        0xe crc8.o
 .debug_macro   0x00000000      0xa8a crc8.o
 .debug_macro   0x00000000       0x1c crc8.o
 .debug_macro   0x00000000      0x10e crc8.o
 .debug_macro   0x00000000       0x66 crc8.o
 .debug_macro   0x00000000      0x1c9 crc8.o
 .debug_macro   0x00000000       0x64 crc8.o
 .text          0x00000000        0x0 d:/program files/atmel studio/7.0/toolchain/avr8/avr8-gnu-toolchain/bin/../lib/gcc/avr/5.4.0/avr6\libgcc.a(_exit.o)
 .data          0x00000000        0x0 d:/program files/atmel studio/7.0/toolchain/avr8/avr8-gnu-toolchain/bin/../lib/gcc/avr/5.4.0/avr6\libgcc.a(_exit.o)
 .bss           0x00000000        0x0 d:/program files/atmel studio/7.0/toolchain/avr8/avr8-gnu-toolchain/bin/../lib/gcc/avr/5.4.0/avr6\libgcc.a(_exit.o)
 .text.libgcc.mul
                0x00000000        0x0 d:/program files/atmel studio/7.0/toolchain/avr8/avr8-gnu-toolchain/bin/../lib/gcc/avr/5.4.0/avr6\libgcc.a(_exit.o)
 .text.libgcc.div
                0x00000000        0x0 d:/program files/atmel studio/7.0/toolchain/avr8/avr8-gnu-toolchain/bin/../lib/gcc/avr/5.4.0/avr6\libgcc.a(_exit.o)
 .text.libgcc   0x00000000        0x0 d:/program files/atmel studio/7.0/toolchain/avr8/avr8-gnu-toolchain/bin/../lib/gcc/avr/5.4.0/avr6\libgcc.a(_exit.o)
 .text.libgcc.prologue
                0x00000000        0x0 d:/program files/atmel studio/7.0/toolchain/avr8/avr8-gnu-toolchain/bin/../lib/gcc/avr/5.4.0/avr6\libgcc.a(_exit.o)
 .text.libgcc.builtins
                0x00000000        0x0 d:/program files/atmel studio/7.0/toolchain/avr8/avr8-gnu-toolchain/bin/../lib/gcc/avr/5.4.0/avr6\libgcc.a(_exit.o)
 .text.libgcc.fmul
                0x00000000        0x0 d:/program files/atmel studio/7.0/toolchain/avr8/avr8-gnu-toolchain/bin/../lib/gcc/avr/5.4.0/avr6\libgcc.a(_exit.o)
 .text.libgcc.fixed
                0x00000000        0x0 d:/program files/atmel studio/7.0/toolchain/avr8/avr8-gnu-toolchain/bin/../lib/gcc/avr/5.4.0/avr6\libgcc.a(_exit.o)
 .text          0x00000000        0x0 d:/program files/atmel studio/7.0/toolchain/avr8/avr8-gnu-toolchain/bin/../lib/gcc/avr/5.4.0/avr6\libgcc.a(_copy_data.o)
 .data          0x00000000        0x0 d:/program files/atmel studio/7.0/toolchain/avr8/avr8-gnu-toolchain/bin/../lib/gcc/avr/5.4.0/avr6\libgcc.a(_copy_data.o)
 .bss           0x00000000        0x0 d:/program files/atmel studio/7.0/toolchain/avr8/avr8-gnu-toolchain/bin/../lib/gcc/avr/5.4.0/avr6\libgcc.a(_copy_data.o)
 .text.libgcc.mul
                0x00000000        0x0 d:/program files/atmel studio/7.0/toolchain/avr8/avr8-gnu-toolchain/bin/../lib/gcc/avr/5.4.0/avr6\libgcc.a(_copy_data.o)
 .text.libgcc.div
                0x00000000        0x0 d:/program files/atmel studio/7.0/toolchain/avr8/avr8-gnu-toolchain/bin/../lib/gcc/avr/5.4.0/avr6\libgcc.a(_copy_data.o)
 .text.libgcc   0x00000000        0x0 d:/program files/atmel studio/7.0/toolchain/avr8/avr8-gnu-toolchain/bin/../lib/gcc/avr/5.4.0/avr6\libgcc.a(_copy_data.o)
 .text.libgcc.prologue
                0x00000000        0x0 d:/program files/atmel studio/7.0/toolchain/avr8/avr8-gnu-toolchain/bin/../lib/gcc/avr/5.4.0/avr6\libgcc.a(_copy_data.o)
 .text.libgcc.builtins
                0x00000000        0x0 d:/program files/atmel studio/7.0/toolchain/avr8/avr8-gnu-toolchain/bin/../lib/gcc/avr/5.4.0/avr6\libgcc.a(_copy_data.o)
 .text.libgcc.fmul
                0x00000000        0x0 d:/program files/atmel studio/7.0/toolchain/avr8/avr8-gnu-toolchain/bin/../lib/gcc/avr/5.4.0/avr6\libgcc.a(_copy_data.o)
 .text.libgcc.fixed
                0x00000000        0x0 d:/program files/atmel studio/7.0/toolchain/avr8/avr8-gnu-toolchain/bin/../lib/gcc/avr/5.4.0/avr6\libgcc.a(_copy_data.o)
 .text          0x00000000        0x0 d:/program files/atmel studio/7.0/toolchain/avr8/avr8-gnu-toolchain/bin/../lib/gcc/avr/5.4.0/avr6\libgcc.a(_clear_bss.o)
 .data          0x00000000        0x0 d:/program files/atmel studio/7.0/toolchain/avr8/avr8-gnu-toolchain/bin/../lib/gcc/avr/5.4.0/avr6\libgcc.a(_clear_bss.o)
 .bss           0x00000000        0x0 d:/program files/atmel studio/7.0/toolchain/avr8/avr8-gnu-toolchain/bin/../lib/gcc/avr/5.4.0/avr6\libgcc.a(_clear_bss.o)
 .text.libgcc.mul
                0x00000000        0x0 d:/program files/atmel studio/7.0/toolchain/avr8/avr8-gnu-toolchain/bin/../lib/gcc/avr/5.4.0/avr6\libgcc.a(_clear_bss.o)
 .text.libgcc.div
                0x00000000        0x0 d:/program files/atmel studio/7.0/toolchain/avr8/avr8-gnu-toolchain/bin/../lib/gcc/avr/5.4.0/avr6\libgcc.a(_clear_bss.o)
 .text.libgcc   0x00000000        0x0 d:/program files/atmel studio/7.0/toolchain/avr8/avr8-gnu-toolchain/bin/../lib/gcc/avr/5.4.0/avr6\libgcc.a(_clear_bss.o)
 .text.libgcc.prologue
                0x00000000        0x0 d:/program files/atmel studio/7.0/toolchain/avr8/avr8-gnu-toolchain/bin/../lib/gcc/avr/5.4.0/avr6\libgcc.a(_clear_bss.o)
 .text.libgcc.builtins
                0x00000000        0x0 d:/program files/atmel studio/7.0/toolchain/avr8/avr8-gnu-toolchain/bin/../lib/gcc/avr/5.4.0/avr6\libgcc.a(_clear_bss.o)
 .text.libgcc.fmul
                0x00000000        0x0 d:/program files/atmel studio/7.0/toolchain/avr8/avr8-gnu-toolchain/bin/../lib/gcc/avr/5.4.0/avr6\libgcc.a(_clear_bss.o)
 .text.libgcc.fixed
                0x00000000        0x0 d:/program files/atmel studio/7.0/toolchain/avr8/avr8-gnu-toolchain/bin/../lib/gcc/avr/5.4.0/avr6\libgcc.a(_clear_bss.o)
 .text          0x00000000        0x0 d:/program files/atmel studio/7.0/toolchain/avr8/avr8-gnu-toolchain/bin/../lib/gcc/avr/5.4.0/../../../../avr/lib/avr6\libc.a(memcmp.o)
 .data          0x00000000        0x0 d:/program files/atmel studio/7.0/toolchain/avr8/avr8-gnu-toolchain/bin/../lib/gcc/avr/5.4.0/../../../../avr/lib/avr6\libc.a(memcmp.o)
 .bss           0x00000000        0x0 d:/program files/atmel studio/7.0/toolchain/avr8/avr8-gnu-toolchain/bin/../lib/gcc/avr/5.4.0/../../../../avr/lib/avr6\libc.a(memcmp.o)
 .text          0x00000000        0x0 d:/program files/atmel studio/7.0/toolchain/avr8/avr8-gnu-toolchain/bin/../lib/gcc/avr/5.4.0/../../../../avr/lib/avr6\libc.a(strcpy.o)
 .data          0x00000000        0x0 d:/program files/atmel studio/7.0/toolchain/avr8/avr8-gnu-toolchain/bin/../lib/gcc/avr/5.4.0/../../../../avr/lib/avr6\libc.a(strcpy.o)
 .bss           0x00000000        0x0 d:/program files/atmel studio/7.0/toolchain/avr8/avr8-gnu-toolchain/bin/../lib/gcc/avr/5.4.0/../../../../avr/lib/avr6\libc.a(strcpy.o)
 .text          0x00000000        0x0 d:/program files/atmel studio/7.0/toolchain/avr8/avr8-gnu-toolchain/bin/../lib/gcc/avr/5.4.0/../../../../avr/lib/avr6\libc.a(vsprintf.o)
 .data          0x00000000        0x0 d:/program files/atmel studio/7.0/toolchain/avr8/avr8-gnu-toolchain/bin/../lib/gcc/avr/5.4.0/../../../../avr/lib/avr6\libc.a(vsprintf.o)
 .bss           0x00000000        0x0 d:/program files/atmel studio/7.0/toolchain/avr8/avr8-gnu-toolchain/bin/../lib/gcc/avr/5.4.0/../../../../avr/lib/avr6\libc.a(vsprintf.o)
 .text          0x00000000        0x0 d:/program files/atmel studio/7.0/toolchain/avr8/avr8-gnu-toolchain/bin/../lib/gcc/avr/5.4.0/../../../../avr/lib/avr6\libc.a(vfprintf_std.o)
 .data          0x00000000        0x0 d:/program files/atmel studio/7.0/toolchain/avr8/avr8-gnu-toolchain/bin/../lib/gcc/avr/5.4.0/../../../../avr/lib/avr6\libc.a(vfprintf_std.o)
 .bss           0x00000000        0x0 d:/program files/atmel studio/7.0/toolchain/avr8/avr8-gnu-toolchain/bin/../lib/gcc/avr/5.4.0/../../../../avr/lib/avr6\libc.a(vfprintf_std.o)
 .text          0x00000000        0x0 d:/program files/atmel studio/7.0/toolchain/avr8/avr8-gnu-toolchain/bin/../lib/gcc/avr/5.4.0/../../../../avr/lib/avr6\libc.a(strnlen_P.o)
 .data          0x00000000        0x0 d:/program files/atmel studio/7.0/toolchain/avr8/avr8-gnu-toolchain/bin/../lib/gcc/avr/5.4.0/../../../../avr/lib/avr6\libc.a(strnlen_P.o)
 .bss           0x00000000        0x0 d:/program files/atmel studio/7.0/toolchain/avr8/avr8-gnu-toolchain/bin/../lib/gcc/avr/5.4.0/../../../../avr/lib/avr6\libc.a(strnlen_P.o)
 .text          0x00000000        0x0 d:/program files/atmel studio/7.0/toolchain/avr8/avr8-gnu-toolchain/bin/../lib/gcc/avr/5.4.0/../../../../avr/lib/avr6\libc.a(strnlen.o)
 .data          0x00000000        0x0 d:/program files/atmel studio/7.0/toolchain/avr8/avr8-gnu-toolchain/bin/../lib/gcc/avr/5.4.0/../../../../avr/lib/avr6\libc.a(strnlen.o)
 .bss           0x00000000        0x0 d:/program files/atmel studio/7.0/toolchain/avr8/avr8-gnu-toolchain/bin/../lib/gcc/avr/5.4.0/../../../../avr/lib/avr6\libc.a(strnlen.o)
 .text          0x00000000        0x0 d:/program files/atmel studio/7.0/toolchain/avr8/avr8-gnu-toolchain/bin/../lib/gcc/avr/5.4.0/../../../../avr/lib/avr6\libc.a(fputc.o)
 .data          0x00000000        0x0 d:/program files/atmel studio/7.0/toolchain/avr8/avr8-gnu-toolchain/bin/../lib/gcc/avr/5.4.0/../../../../avr/lib/avr6\libc.a(fputc.o)
 .bss           0x00000000        0x0 d:/program files/atmel studio/7.0/toolchain/avr8/avr8-gnu-toolchain/bin/../lib/gcc/avr/5.4.0/../../../../avr/lib/avr6\libc.a(fputc.o)
 .text          0x00000000        0x0 d:/program files/atmel studio/7.0/toolchain/avr8/avr8-gnu-toolchain/bin/../lib/gcc/avr/5.4.0/../../../../avr/lib/avr6\libc.a(ultoa_invert.o)
 .data          0x00000000        0x0 d:/program files/atmel studio/7.0/toolchain/avr8/avr8-gnu-toolchain/bin/../lib/gcc/avr/5.4.0/../../../../avr/lib/avr6\libc.a(ultoa_invert.o)
 .bss           0x00000000        0x0 d:/program files/atmel studio/7.0/toolchain/avr8/avr8-gnu-toolchain/bin/../lib/gcc/avr/5.4.0/../../../../avr/lib/avr6\libc.a(ultoa_invert.o)

Memory Configuration

Name             Origin             Length             Attributes
text             0x00000000         0x00100000         xr
data             0x00800200         0x0000fe00         rw !x
eeprom           0x00810000         0x00010000         rw !x
fuse             0x00820000         0x00000003         rw !x
lock             0x00830000         0x00000400         rw !x
signature        0x00840000         0x00000400         rw !x
user_signatures  0x00850000         0x00000400         rw !x
*default*        0x00000000         0xffffffff

Linker script and memory map

Address of section .data set to 0x800200
LOAD d:/program files/atmel studio/7.0/toolchain/avr8/avr8-gnu-toolchain/bin/../lib/gcc/avr/5.4.0/../../../../avr/lib/avr6/crtatmega256rfr2.o
LOAD stack/phy/atmegarfr2/src/phy.o
LOAD template.o
LOAD crc16.o
LOAD crc8.o
START GROUP
END GROUP
START GROUP
LOAD d:/program files/atmel studio/7.0/toolchain/avr8/avr8-gnu-toolchain/bin/../lib/gcc/avr/5.4.0/avr6\libgcc.a
LOAD d:/program files/atmel studio/7.0/toolchain/avr8/avr8-gnu-toolchain/bin/../lib/gcc/avr/5.4.0/../../../../avr/lib/avr6\libm.a
LOAD d:/program files/atmel studio/7.0/toolchain/avr8/avr8-gnu-toolchain/bin/../lib/gcc/avr/5.4.0/../../../../avr/lib/avr6\libc.a
LOAD d:/program files/atmel studio/7.0/toolchain/avr8/avr8-gnu-toolchain/bin/../lib/gcc/avr/5.4.0/../../../../avr/lib/avr6\libatmega256rfr2.a
END GROUP
                0x00100000                __TEXT_REGION_LENGTH__ = DEFINED (__TEXT_REGION_LENGTH__)?__TEXT_REGION_LENGTH__:0x100000
                0x0000fe00                __DATA_REGION_LENGTH__ = DEFINED (__DATA_REGION_LENGTH__)?__DATA_REGION_LENGTH__:0xfe00
                0x00010000                __EEPROM_REGION_LENGTH__ = DEFINED (__EEPROM_REGION_LENGTH__)?__EEPROM_REGION_LENGTH__:0x10000
                [0x00000003]                __FUSE_REGION_LENGTH__ = DEFINED (__FUSE_REGION_LENGTH__)?__FUSE_REGION_LENGTH__:0x400
                0x00000400                __LOCK_REGION_LENGTH__ = DEFINED (__LOCK_REGION_LENGTH__)?__LOCK_REGION_LENGTH__:0x400
                0x00000400                __SIGNATURE_REGION_LENGTH__ = DEFINED (__SIGNATURE_REGION_LENGTH__)?__SIGNATURE_REGION_LENGTH__:0x400
                0x00000400                __USER_SIGNATURE_REGION_LENGTH__ = DEFINED (__USER_SIGNATURE_REGION_LENGTH__)?__USER_SIGNATURE_REGION_LENGTH__:0x400

.hash
 *(.hash)

.dynsym
 *(.dynsym)

.dynstr
 *(.dynstr)

.gnu.version
 *(.gnu.version)

.gnu.version_d
 *(.gnu.version_d)

.gnu.version_r
 *(.gnu.version_r)

.rel.init
 *(.rel.init)

.rela.init
 *(.rela.init)

.rel.text
 *(.rel.text)
 *(.rel.text.*)
 *(.rel.gnu.linkonce.t*)

.rela.text
 *(.rela.text)
 *(.rela.text.*)
 *(.rela.gnu.linkonce.t*)

.rel.fini
 *(.rel.fini)

.rela.fini
 *(.rela.fini)

.rel.rodata
 *(.rel.rodata)
 *(.rel.rodata.*)
 *(.rel.gnu.linkonce.r*)

.rela.rodata
 *(.rela.rodata)
 *(.rela.rodata.*)
 *(.rela.gnu.linkonce.r*)

.rel.data
 *(.rel.data)
 *(.rel.data.*)
 *(.rel.gnu.linkonce.d*)

.rela.data
 *(.rela.data)
 *(.rela.data.*)
 *(.rela.gnu.linkonce.d*)

.rel.ctors
 *(.rel.ctors)

.rela.ctors
 *(.rela.ctors)

.rel.dtors
 *(.rel.dtors)

.rela.dtors
 *(.rela.dtors)

.rel.got
 *(.rel.got)

.rela.got
 *(.rela.got)

.rel.bss
 *(.rel.bss)

.rela.bss
 *(.rela.bss)

.rel.plt
 *(.rel.plt)

.rela.plt
 *(.rela.plt)

.text           0x00000000      0xbae
 *(.vectors)
 .vectors       0x00000000      0x134 d:/program files/atmel studio/7.0/toolchain/avr8/avr8-gnu-toolchain/bin/../lib/gcc/avr/5.4.0/../../../../avr/lib/avr6/crtatmega256rfr2.o
                0x00000000                __vector_default
                0x00000000                __vectors
 *(.vectors)
 *(.progmem.gcc*)
                0x00000134                . = ALIGN (0x2)
                0x00000134                __trampolines_start = .
 *(.trampolines)
 .trampolines   0x00000134        0x0 linker stubs
 *(.trampolines*)
                0x00000134                __trampolines_end = .
 *libprintf_flt.a:*(.progmem.data)
 *libc.a:*(.progmem.data)
 *(.progmem*)
                0x00000134                . = ALIGN (0x2)
 *(.jumptables)
 *(.jumptables*)
 *(.lowtext)
 *(.lowtext*)
                0x00000134                __ctors_start = .
 *(.ctors)
                0x00000134                __ctors_end = .
                0x00000134                __dtors_start = .
 *(.dtors)
                0x00000134                __dtors_end = .
 SORT(*)(.ctors)
 SORT(*)(.dtors)
 *(.init0)
 .init0         0x00000134        0x0 d:/program files/atmel studio/7.0/toolchain/avr8/avr8-gnu-toolchain/bin/../lib/gcc/avr/5.4.0/../../../../avr/lib/avr6/crtatmega256rfr2.o
                0x00000134                __init
 *(.init0)
 *(.init1)
 *(.init1)
 *(.init2)
 .init2         0x00000134       0x10 d:/program files/atmel studio/7.0/toolchain/avr8/avr8-gnu-toolchain/bin/../lib/gcc/avr/5.4.0/../../../../avr/lib/avr6/crtatmega256rfr2.o
 *(.init2)
 *(.init3)
 *(.init3)
 *(.init4)
 .init4         0x00000144       0x1a d:/program files/atmel studio/7.0/toolchain/avr8/avr8-gnu-toolchain/bin/../lib/gcc/avr/5.4.0/avr6\libgcc.a(_copy_data.o)
                0x00000144                __do_copy_data
 .init4         0x0000015e       0x10 d:/program files/atmel studio/7.0/toolchain/avr8/avr8-gnu-toolchain/bin/../lib/gcc/avr/5.4.0/avr6\libgcc.a(_clear_bss.o)
                0x0000015e                __do_clear_bss
 *(.init4)
 *(.init5)
 *(.init5)
 *(.init6)
 *(.init6)
 *(.init7)
 *(.init7)
 *(.init8)
 *(.init8)
 *(.init9)
 .init9         0x0000016e        0x8 d:/program files/atmel studio/7.0/toolchain/avr8/avr8-gnu-toolchain/bin/../lib/gcc/avr/5.4.0/../../../../avr/lib/avr6/crtatmega256rfr2.o
 *(.init9)
 *(.text)
 .text          0x00000176        0x4 d:/program files/atmel studio/7.0/toolchain/avr8/avr8-gnu-toolchain/bin/../lib/gcc/avr/5.4.0/../../../../avr/lib/avr6/crtatmega256rfr2.o
                0x00000176                __vector_38
                0x00000176                __vector_22
                0x00000176                __vector_63
                0x00000176                __vector_28
                0x00000176                __vector_67
                0x00000176                __vector_1
                0x00000176                __vector_32
                0x00000176                __vector_75
                0x00000176                __vector_71
                0x00000176                __vector_34
                0x00000176                __vector_62
                0x00000176                __vector_24
                0x00000176                __vector_12
                0x00000176                __vector_55
                0x00000176                __vector_69
                0x00000176                __vector_46
                0x00000176                __bad_interrupt
                0x00000176                __vector_72
                0x00000176                __vector_6
                0x00000176                __vector_31
                0x00000176                __vector_35
                0x00000176                __vector_74
                0x00000176                __vector_39
                0x00000176                __vector_3
                0x00000176                __vector_23
                0x00000176                __vector_68
                0x00000176                __vector_30
                0x00000176                __vector_73
                0x00000176                __vector_45
                0x00000176                __vector_25
                0x00000176                __vector_61
                0x00000176                __vector_11
                0x00000176                __vector_54
                0x00000176                __vector_13
                0x00000176                __vector_17
                0x00000176                __vector_19
                0x00000176                __vector_56
                0x00000176                __vector_7
                0x00000176                __vector_49
                0x00000176                __vector_41
                0x00000176                __vector_64
                0x00000176                __vector_43
                0x00000176                __vector_27
                0x00000176                __vector_5
                0x00000176                __vector_33
                0x00000176                __vector_76
                0x00000176                __vector_47
                0x00000176                __vector_52
                0x00000176                __vector_37
                0x00000176                __vector_4
                0x00000176                __vector_44
                0x00000176                __vector_51
                0x00000176                __vector_9
                0x00000176                __vector_2
                0x00000176                __vector_21
                0x00000176                __vector_15
                0x00000176                __vector_66
                0x00000176                __vector_36
                0x00000176                __vector_58
                0x00000176                __vector_70
                0x00000176                __vector_29
                0x00000176                __vector_60
                0x00000176                __vector_40
                0x00000176                __vector_8
                0x00000176                __vector_26
                0x00000176                __vector_48
                0x00000176                __vector_14
                0x00000176                __vector_57
                0x00000176                __vector_53
                0x00000176                __vector_10
                0x00000176                __vector_50
                0x00000176                __vector_16
                0x00000176                __vector_59
                0x00000176                __vector_18
                0x00000176                __vector_20
                0x00000176                __vector_42
                0x00000176                __vector_65
                0x0000017a                . = ALIGN (0x2)
 *(.text.*)
 .text.phySetChannel
                0x0000017a       0x36 stack/phy/atmegarfr2/src/phy.o
 .text.phyTrxSetState
                0x000001b0       0x20 stack/phy/atmegarfr2/src/phy.o
 .text.PHY_Init
                0x000001d0       0x4e stack/phy/atmegarfr2/src/phy.o
                0x000001d0                PHY_Init
 .text.PHY_SetRxState
                0x0000021e       0x20 stack/phy/atmegarfr2/src/phy.o
                0x0000021e                PHY_SetRxState
 .text.Ecris_Wireless
                0x0000023e       0x48 stack/phy/atmegarfr2/src/phy.o
                0x0000023e                Ecris_Wireless
 .text.PHY_TaskHandler
                0x00000286       0xae stack/phy/atmegarfr2/src/phy.o
                0x00000286                PHY_TaskHandler
 .text.decodeMessage
                0x00000334       0x78 template.o
                0x00000334                decodeMessage
 .text.Lis_UART
                0x000003ac       0x12 template.o
                0x000003ac                Lis_UART
 .text.Ecris_UART
                0x000003be       0x60 template.o
                0x000003be                Ecris_UART
 .text.genMessage
                0x0000041e       0x4c template.o
                0x0000041e                genMessage
 .text.init_UART
                0x0000046a       0x1c template.o
                0x0000046a                init_UART
 .text.SYS_Init
                0x00000486       0x28 template.o
                0x00000486                SYS_Init
 .text.startup.main
                0x000004ae       0xe6 template.o
                0x000004ae                main
 .text.crc_8    0x00000594       0x28 crc8.o
                0x00000594                crc_8
 .text.avr-libc
                0x000005bc       0x1a d:/program files/atmel studio/7.0/toolchain/avr8/avr8-gnu-toolchain/bin/../lib/gcc/avr/5.4.0/../../../../avr/lib/avr6\libc.a(memcmp.o)
                0x000005bc                memcmp
 .text.avr-libc
                0x000005d6        0xe d:/program files/atmel studio/7.0/toolchain/avr8/avr8-gnu-toolchain/bin/../lib/gcc/avr/5.4.0/../../../../avr/lib/avr6\libc.a(strcpy.o)
                0x000005d6                strcpy
 .text.avr-libc
                0x000005e4       0x52 d:/program files/atmel studio/7.0/toolchain/avr8/avr8-gnu-toolchain/bin/../lib/gcc/avr/5.4.0/../../../../avr/lib/avr6\libc.a(vsprintf.o)
                0x000005e4                vsprintf
 .text.avr-libc
                0x00000636      0x414 d:/program files/atmel studio/7.0/toolchain/avr8/avr8-gnu-toolchain/bin/../lib/gcc/avr/5.4.0/../../../../avr/lib/avr6\libc.a(vfprintf_std.o)
                0x00000636                vfprintf
 .text.avr-libc
                0x00000a4a       0x16 d:/program files/atmel studio/7.0/toolchain/avr8/avr8-gnu-toolchain/bin/../lib/gcc/avr/5.4.0/../../../../avr/lib/avr6\libc.a(strnlen_P.o)
                0x00000a4a                strnlen_P
 .text.avr-libc
                0x00000a60       0x16 d:/program files/atmel studio/7.0/toolchain/avr8/avr8-gnu-toolchain/bin/../lib/gcc/avr/5.4.0/../../../../avr/lib/avr6\libc.a(strnlen.o)
                0x00000a60                strnlen
 .text.avr-libc
                0x00000a76       0x78 d:/program files/atmel studio/7.0/toolchain/avr8/avr8-gnu-toolchain/bin/../lib/gcc/avr/5.4.0/../../../../avr/lib/avr6\libc.a(fputc.o)
                0x00000a76                fputc
 .text.avr-libc
                0x00000aee       0xbc d:/program files/atmel studio/7.0/toolchain/avr8/avr8-gnu-toolchain/bin/../lib/gcc/avr/5.4.0/../../../../avr/lib/avr6\libc.a(ultoa_invert.o)
                0x00000aee                __ultoa_invert
                0x00000baa                . = ALIGN (0x2)
 *(.fini9)
 .fini9         0x00000baa        0x0 d:/program files/atmel studio/7.0/toolchain/avr8/avr8-gnu-toolchain/bin/../lib/gcc/avr/5.4.0/avr6\libgcc.a(_exit.o)
                0x00000baa                _exit
                0x00000baa                exit
 *(.fini9)
 *(.fini8)
 *(.fini8)
 *(.fini7)
 *(.fini7)
 *(.fini6)
 *(.fini6)
 *(.fini5)
 *(.fini5)
 *(.fini4)
 *(.fini4)
 *(.fini3)
 *(.fini3)
 *(.fini2)
 *(.fini2)
 *(.fini1)
 *(.fini1)
 *(.fini0)
 .fini0         0x00000baa        0x4 d:/program files/atmel studio/7.0/toolchain/avr8/avr8-gnu-toolchain/bin/../lib/gcc/avr/5.4.0/avr6\libgcc.a(_exit.o)
 *(.fini0)
                0x00000bae                _etext = .

.data           0x00800200      0x1c0 load address 0x00000bae
                0x00800200                PROVIDE (__data_start, .)
 *(.data)
 *(.data*)
 .data.ackTest2
                0x00800200        0x1 template.o
                0x00800200                ackTest2
 *(.gnu.linkonce.d*)
 *(.rodata)
 *(.rodata*)
 .rodata.str1.1
                0x00800201       0xbf template.o
 .rodata.sht75_crc_table
                0x008002c0      0x100 crc8.o
 *(.gnu.linkonce.r*)
                0x008003c0                . = ALIGN (0x2)
                0x008003c0                _edata = .
                0x008003c0                PROVIDE (__data_end, .)

.bss            0x008003c0       0xf7
                0x008003c0                PROVIDE (__bss_start, .)
 *(.bss)
 *(.bss*)
 .bss.phyBand   0x008003c0        0x1 stack/phy/atmegarfr2/src/phy.o
 .bss.phyChannel
                0x008003c1        0x1 stack/phy/atmegarfr2/src/phy.o
 .bss.phyRxState
                0x008003c2        0x1 stack/phy/atmegarfr2/src/phy.o
 .bss.phyRxBuffer
                0x008003c3       0x80 stack/phy/atmegarfr2/src/phy.o
 .bss.phyState  0x00800443        0x1 stack/phy/atmegarfr2/src/phy.o
 .bss.testAlerte2
                0x00800444        0x2 template.o
                0x00800444                testAlerte2
 *(COMMON)
 COMMON         0x00800446       0x71 template.o
                0x00800446                ptr
                0x00800448                AdressOK
                0x00800449                ind
                0x0080044e                testBuffer2
                0x008004b5                receivedWireless
                0x008004b6                crcOK
                0x008004b7                PROVIDE (__bss_end, .)
                0x00000bae                __data_load_start = LOADADDR (.data)
                0x00000d6e                __data_load_end = (__data_load_start + SIZEOF (.data))

.noinit         0x008004b7        0x0
                [!provide]                PROVIDE (__noinit_start, .)
 *(.noinit*)
                [!provide]                PROVIDE (__noinit_end, .)
                0x008004b7                _end = .
                [!provide]                PROVIDE (__heap_start, .)

.eeprom         0x00810000        0x0
 *(.eeprom*)
                0x00810000                __eeprom_end = .

.fuse
 *(.fuse)
 *(.lfuse)
 *(.hfuse)
 *(.efuse)

.lock
 *(.lock*)

.signature
 *(.signature*)

.user_signatures
 *(.user_signatures*)

.stab
 *(.stab)

.stabstr
 *(.stabstr)

.stab.excl
 *(.stab.excl)

.stab.exclstr
 *(.stab.exclstr)

.stab.index
 *(.stab.index)

.stab.indexstr
 *(.stab.indexstr)

.comment        0x00000000       0x5c
 *(.comment)
 .comment       0x00000000       0x30 stack/phy/atmegarfr2/src/phy.o
                                 0x31 (size before relaxing)
 .comment       0x00000030       0x31 template.o
 .comment       0x00000030       0x31 crc8.o
 .comment       0x00000030       0x31 d:/program files/atmel studio/7.0/toolchain/avr8/avr8-gnu-toolchain/bin/../lib/gcc/avr/5.4.0/../../../../avr/lib/avr6\libc.a(vsprintf.o)
 .comment       0x00000030       0x2c d:/program files/atmel studio/7.0/toolchain/avr8/avr8-gnu-toolchain/bin/../lib/gcc/avr/5.4.0/../../../../avr/lib/avr6\libc.a(vfprintf_std.o)
                                 0x2d (size before relaxing)
 .comment       0x0000005c       0x31 d:/program files/atmel studio/7.0/toolchain/avr8/avr8-gnu-toolchain/bin/../lib/gcc/avr/5.4.0/../../../../avr/lib/avr6\libc.a(fputc.o)

.note.gnu.avr.deviceinfo
                0x00000000       0x40
 .note.gnu.avr.deviceinfo
                0x00000000       0x40 d:/program files/atmel studio/7.0/toolchain/avr8/avr8-gnu-toolchain/bin/../lib/gcc/avr/5.4.0/../../../../avr/lib/avr6/crtatmega256rfr2.o

.note.gnu.build-id
 *(.note.gnu.build-id)

.debug
 *(.debug)

.line
 *(.line)

.debug_srcinfo
 *(.debug_srcinfo)

.debug_sfnames
 *(.debug_sfnames)

.debug_aranges  0x00000000       0xd8
 *(.debug_aranges)
 .debug_aranges
                0x00000000       0x60 stack/phy/atmegarfr2/src/phy.o
 .debug_aranges
                0x00000060       0x50 template.o
 .debug_aranges
                0x000000b0       0x28 crc8.o

.debug_pubnames
 *(.debug_pubnames)

.debug_info     0x00000000     0x2316
 *(.debug_info .gnu.linkonce.wi.*)
 .debug_info    0x00000000     0x13e6 d:/program files/atmel studio/7.0/toolchain/avr8/avr8-gnu-toolchain/bin/../lib/gcc/avr/5.4.0/../../../../avr/lib/avr6/crtatmega256rfr2.o
 .debug_info    0x000013e6      0x6bd stack/phy/atmegarfr2/src/phy.o
 .debug_info    0x00001aa3      0x71c template.o
 .debug_info    0x000021bf      0x157 crc8.o

.debug_abbrev   0x00000000     0x1983
 *(.debug_abbrev)
 .debug_abbrev  0x00000000     0x12d6 d:/program files/atmel studio/7.0/toolchain/avr8/avr8-gnu-toolchain/bin/../lib/gcc/avr/5.4.0/../../../../avr/lib/avr6/crtatmega256rfr2.o
 .debug_abbrev  0x000012d6      0x288 stack/phy/atmegarfr2/src/phy.o
 .debug_abbrev  0x0000155e      0x360 template.o
 .debug_abbrev  0x000018be       0xc5 crc8.o

.debug_line     0x00000000      0xb6e
 *(.debug_line .debug_line.* .debug_line_end)
 .debug_line    0x00000000       0x1a d:/program files/atmel studio/7.0/toolchain/avr8/avr8-gnu-toolchain/bin/../lib/gcc/avr/5.4.0/../../../../avr/lib/avr6/crtatmega256rfr2.o
 .debug_line    0x0000001a      0x499 stack/phy/atmegarfr2/src/phy.o
 .debug_line    0x000004b3      0x550 template.o
 .debug_line    0x00000a03      0x16b crc8.o

.debug_frame    0x00000000      0x1cc
 *(.debug_frame)
 .debug_frame   0x00000000       0xb4 stack/phy/atmegarfr2/src/phy.o
 .debug_frame   0x000000b4       0xe4 template.o
 .debug_frame   0x00000198       0x34 crc8.o

.debug_str      0x00000000    0x1118c
 *(.debug_str)
 .debug_str     0x00000000      0x7f7 d:/program files/atmel studio/7.0/toolchain/avr8/avr8-gnu-toolchain/bin/../lib/gcc/avr/5.4.0/../../../../avr/lib/avr6/crtatmega256rfr2.o
 .debug_str     0x000007f7     0xf90b stack/phy/atmegarfr2/src/phy.o
                               0xfa64 (size before relaxing)
 .debug_str     0x00010102      0xe00 template.o
                               0xf403 (size before relaxing)
 .debug_str     0x00010f02      0x28a crc8.o
                               0x38cb (size before relaxing)

.debug_loc      0x00000000      0x729
 *(.debug_loc)
 .debug_loc     0x00000000      0x199 stack/phy/atmegarfr2/src/phy.o
 .debug_loc     0x00000199      0x444 template.o
 .debug_loc     0x000005dd      0x14c crc8.o

.debug_macinfo
 *(.debug_macinfo)

.debug_weaknames
 *(.debug_weaknames)

.debug_funcnames
 *(.debug_funcnames)

.debug_typenames
 *(.debug_typenames)

.debug_varnames
 *(.debug_varnames)

.debug_pubtypes
 *(.debug_pubtypes)

.debug_ranges   0x00000000       0xd8
 *(.debug_ranges)
 .debug_ranges  0x00000000       0x50 stack/phy/atmegarfr2/src/phy.o
 .debug_ranges  0x00000050       0x70 template.o
 .debug_ranges  0x000000c0       0x18 crc8.o

.debug_macro    0x00000000     0x570a
 *(.debug_macro)
 .debug_macro   0x00000000      0x106 stack/phy/atmegarfr2/src/phy.o
 .debug_macro   0x00000106      0xa8a stack/phy/atmegarfr2/src/phy.o
 .debug_macro   0x00000b90      0x1c9 stack/phy/atmegarfr2/src/phy.o
 .debug_macro   0x00000d59       0x10 stack/phy/atmegarfr2/src/phy.o
 .debug_macro   0x00000d69      0x302 stack/phy/atmegarfr2/src/phy.o
 .debug_macro   0x0000106b       0x9e stack/phy/atmegarfr2/src/phy.o
 .debug_macro   0x00001109     0x37dd stack/phy/atmegarfr2/src/phy.o
 .debug_macro   0x000048e6      0x219 stack/phy/atmegarfr2/src/phy.o
 .debug_macro   0x00004aff       0xd9 stack/phy/atmegarfr2/src/phy.o
 .debug_macro   0x00004bd8       0x34 stack/phy/atmegarfr2/src/phy.o
 .debug_macro   0x00004c0c       0x18 stack/phy/atmegarfr2/src/phy.o
 .debug_macro   0x00004c24       0x6c stack/phy/atmegarfr2/src/phy.o
 .debug_macro   0x00004c90       0x68 stack/phy/atmegarfr2/src/phy.o
 .debug_macro   0x00004cf8       0x69 stack/phy/atmegarfr2/src/phy.o
 .debug_macro   0x00004d61       0x10 stack/phy/atmegarfr2/src/phy.o
 .debug_macro   0x00004d71       0x89 stack/phy/atmegarfr2/src/phy.o
 .debug_macro   0x00004dfa      0x181 stack/phy/atmegarfr2/src/phy.o
 .debug_macro   0x00004f7b       0x34 stack/phy/atmegarfr2/src/phy.o
 .debug_macro   0x00004faf       0x22 stack/phy/atmegarfr2/src/phy.o
 .debug_macro   0x00004fd1       0x40 stack/phy/atmegarfr2/src/phy.o
 .debug_macro   0x00005011      0x27e stack/phy/atmegarfr2/src/phy.o
 .debug_macro   0x0000528f      0x1a9 template.o
 .debug_macro   0x00005438       0x10 template.o
 .debug_macro   0x00005448       0x10 template.o
 .debug_macro   0x00005458       0x10 template.o
 .debug_macro   0x00005468       0x1c template.o
 .debug_macro   0x00005484       0x1c template.o
 .debug_macro   0x000054a0       0x10 template.o
 .debug_macro   0x000054b0       0x58 template.o
 .debug_macro   0x00005508       0x10 template.o
 .debug_macro   0x00005518       0x20 template.o
 .debug_macro   0x00005538       0xf2 template.o
 .debug_macro   0x0000562a       0x16 template.o
 .debug_macro   0x00005640       0x16 template.o
 .debug_macro   0x00005656       0x6a template.o
 .debug_macro   0x000056c0       0x4a crc8.o
OUTPUT(Template.elf elf32-avr)
LOAD linker stubs
